0 verbose cli /usr/local/bin/node /usr/local/bin/npm
1 info using npm@11.6.2
2 info using node@v25.2.1
3 silly config load:file:/usr/local/lib/node_modules/npm/npmrc
4 silly config load:file:/Users/anatoly/Sites/bitcode/villa-ramann2/.npmrc
5 silly config load:file:/Users/anatoly/.npmrc
6 silly config load:file:/usr/local/etc/npmrc
7 verbose title npm install tailwindcss@^3.4.17
8 verbose argv "install" "--save-dev" "tailwindcss@^3.4.17" "--legacy-peer-deps" "--cache" ".npm-cache"
9 verbose logfile logs-max:10 dir:/Users/anatoly/Sites/bitcode/villa-ramann2/.npm-cache/_logs/2026-05-03T14_27_08_877Z-
10 verbose logfile /Users/anatoly/Sites/bitcode/villa-ramann2/.npm-cache/_logs/2026-05-03T14_27_08_877Z-debug-0.log
11 silly logfile done cleaning log files
12 silly packumentCache heap:4496293888 maxSize:1124073472 maxEntrySize:562036736
13 silly idealTree buildDeps
14 silly fetch manifest tailwindcss@^3.4.17
15 silly packumentCache full:https://registry.npmjs.org/tailwindcss cache-miss
16 verbose shrinkwrap failed to load node_modules/.package-lock.json out of date, updated: node_modules/@oslojs
17 http fetch GET 200 https://registry.npmjs.org/tailwindcss 429ms (cache revalidated)
18 silly packumentCache full:https://registry.npmjs.org/tailwindcss set size:10436962 disposed:false
19 silly placeDep ROOT tailwindcss@3.4.19 REPLACE for: users-anatoly-sites-bitcode-villa-ramann2@0.0.1 want: ^3.4.17
20 silly fetch manifest arg@^5.0.2
21 silly packumentCache full:https://registry.npmjs.org/arg cache-miss
22 silly fetch manifest jiti@^1.21.7
23 silly packumentCache full:https://registry.npmjs.org/jiti cache-miss
24 silly fetch manifest is-glob@^4.0.3
25 silly packumentCache full:https://registry.npmjs.org/is-glob cache-miss
26 silly fetch manifest resolve@^1.22.8
27 silly packumentCache full:https://registry.npmjs.org/resolve cache-miss
28 silly fetch manifest sucrase@^3.35.0
29 silly packumentCache full:https://registry.npmjs.org/sucrase cache-miss
30 silly fetch manifest chokidar@^3.6.0
31 silly packumentCache full:https://registry.npmjs.org/chokidar cache-miss
32 silly fetch manifest fast-glob@^3.3.2
33 silly packumentCache full:https://registry.npmjs.org/fast-glob cache-miss
34 silly fetch manifest didyoumean@^1.2.2
35 silly packumentCache full:https://registry.npmjs.org/didyoumean cache-miss
36 silly fetch manifest micromatch@^4.0.8
37 silly packumentCache full:https://registry.npmjs.org/micromatch cache-miss
38 silly fetch manifest postcss-js@^4.0.1
39 silly packumentCache full:https://registry.npmjs.org/postcss-js cache-miss
40 silly fetch manifest glob-parent@^6.0.2
41 silly packumentCache full:https://registry.npmjs.org/glob-parent cache-miss
42 http fetch GET 200 https://registry.npmjs.org/jiti 95ms (cache miss)
43 silly packumentCache full:https://registry.npmjs.org/jiti set size:undefined disposed:false
44 silly fetch manifest object-hash@^3.0.0
45 silly packumentCache full:https://registry.npmjs.org/object-hash cache-miss
46 http fetch GET 200 https://registry.npmjs.org/is-glob 120ms (cache miss)
47 silly packumentCache full:https://registry.npmjs.org/is-glob set size:undefined disposed:false
48 silly fetch manifest postcss-import@^15.1.0
49 silly packumentCache full:https://registry.npmjs.org/postcss-import cache-miss
50 http fetch GET 200 https://registry.npmjs.org/didyoumean 126ms (cache miss)
51 silly packumentCache full:https://registry.npmjs.org/didyoumean set size:undefined disposed:false
52 silly fetch manifest postcss-nested@^6.2.0
53 silly packumentCache full:https://registry.npmjs.org/postcss-nested cache-miss
54 http fetch GET 200 https://registry.npmjs.org/chokidar 133ms (cache revalidated)
55 silly packumentCache full:https://registry.npmjs.org/chokidar set size:255902 disposed:false
56 silly fetch manifest @alloc/quick-lru@^5.2.0
57 silly packumentCache full:https://registry.npmjs.org/@alloc%2fquick-lru cache-miss
58 http fetch GET 200 https://registry.npmjs.org/glob-parent 137ms (cache miss)
59 silly packumentCache full:https://registry.npmjs.org/glob-parent set size:undefined disposed:false
60 silly fetch manifest postcss-selector-parser@^6.1.2
61 silly packumentCache full:https://registry.npmjs.org/postcss-selector-parser cache-miss
62 http fetch GET 200 https://registry.npmjs.org/arg 144ms (cache miss)
63 silly packumentCache full:https://registry.npmjs.org/arg set size:undefined disposed:false
64 http fetch GET 200 https://registry.npmjs.org/micromatch 142ms (cache miss)
65 silly packumentCache full:https://registry.npmjs.org/micromatch set size:undefined disposed:false
66 http fetch GET 200 https://registry.npmjs.org/postcss-js 146ms (cache miss)
67 silly packumentCache full:https://registry.npmjs.org/postcss-js set size:undefined disposed:false
68 http fetch GET 200 https://registry.npmjs.org/fast-glob 155ms (cache miss)
69 silly packumentCache full:https://registry.npmjs.org/fast-glob set size:undefined disposed:false
70 http fetch GET 200 https://registry.npmjs.org/sucrase 164ms (cache miss)
71 silly packumentCache full:https://registry.npmjs.org/sucrase set size:undefined disposed:false
72 http fetch GET 200 https://registry.npmjs.org/postcss-import 49ms (cache miss)
73 silly packumentCache full:https://registry.npmjs.org/postcss-import set size:undefined disposed:false
74 http fetch GET 200 https://registry.npmjs.org/postcss-nested 44ms (cache miss)
75 silly packumentCache full:https://registry.npmjs.org/postcss-nested set size:undefined disposed:false
76 http fetch GET 200 https://registry.npmjs.org/postcss-selector-parser 42ms (cache miss)
77 silly packumentCache full:https://registry.npmjs.org/postcss-selector-parser set size:undefined disposed:false
78 http fetch GET 200 https://registry.npmjs.org/@alloc%2fquick-lru 65ms (cache miss)
79 silly packumentCache full:https://registry.npmjs.org/@alloc%2fquick-lru set size:undefined disposed:false
80 http fetch GET 200 https://registry.npmjs.org/resolve 311ms (cache miss)
81 silly packumentCache full:https://registry.npmjs.org/resolve set size:undefined disposed:false
82 http fetch GET 200 https://registry.npmjs.org/object-hash 228ms (cache miss)
83 silly packumentCache full:https://registry.npmjs.org/object-hash set size:undefined disposed:false
84 silly placeDep ROOT @alloc/quick-lru@5.2.0 OK for: tailwindcss@3.4.19 want: ^5.2.0
85 silly placeDep ROOT arg@5.0.2 OK for: tailwindcss@3.4.19 want: ^5.0.2
86 silly placeDep node_modules/tailwindcss chokidar@3.6.0 OK for: tailwindcss@3.4.19 want: ^3.6.0
87 silly placeDep ROOT didyoumean@1.2.2 OK for: tailwindcss@3.4.19 want: ^1.2.2
88 silly placeDep ROOT fast-glob@3.3.3 OK for: tailwindcss@3.4.19 want: ^3.3.2
89 silly placeDep ROOT glob-parent@6.0.2 OK for: tailwindcss@3.4.19 want: ^6.0.2
90 silly placeDep ROOT is-glob@4.0.3 OK for: tailwindcss@3.4.19 want: ^4.0.3
91 silly placeDep ROOT jiti@1.21.7 OK for: tailwindcss@3.4.19 want: ^1.21.7
92 silly placeDep ROOT micromatch@4.0.8 OK for: tailwindcss@3.4.19 want: ^4.0.8
93 silly placeDep ROOT object-hash@3.0.0 OK for: tailwindcss@3.4.19 want: ^3.0.0
94 silly placeDep ROOT postcss-import@15.1.0 OK for: tailwindcss@3.4.19 want: ^15.1.0
95 silly placeDep ROOT postcss-js@4.1.0 OK for: tailwindcss@3.4.19 want: ^4.0.1
96 silly placeDep ROOT postcss-nested@6.2.0 OK for: tailwindcss@3.4.19 want: ^6.2.0
97 silly placeDep ROOT postcss-selector-parser@6.1.2 OK for: tailwindcss@3.4.19 want: ^6.1.2
98 silly placeDep ROOT resolve@1.22.12 OK for: tailwindcss@3.4.19 want: ^1.22.8
99 silly placeDep ROOT sucrase@3.35.1 OK for: tailwindcss@3.4.19 want: ^3.35.0
100 silly fetch manifest braces@~3.0.2
101 silly packumentCache full:https://registry.npmjs.org/braces cache-miss
102 silly fetch manifest is-glob@~4.0.1
103 silly packumentCache full:https://registry.npmjs.org/is-glob cache-miss
104 silly fetch manifest readdirp@~3.6.0
105 silly packumentCache full:https://registry.npmjs.org/readdirp cache-miss
106 silly fetch manifest glob-parent@~5.1.2
107 silly packumentCache full:https://registry.npmjs.org/glob-parent cache-miss
108 silly fetch manifest is-binary-path@~2.1.0
109 silly packumentCache full:https://registry.npmjs.org/is-binary-path cache-miss
110 silly fetch manifest @nodelib/fs.stat@^2.0.2
111 silly packumentCache full:https://registry.npmjs.org/@nodelib%2ffs.stat cache-miss
112 silly fetch manifest @nodelib/fs.walk@^1.2.3
113 silly packumentCache full:https://registry.npmjs.org/@nodelib%2ffs.walk cache-miss
114 silly fetch manifest glob-parent@^5.1.2
115 silly packumentCache full:https://registry.npmjs.org/glob-parent cache-miss
116 silly fetch manifest merge2@^1.3.0
117 silly packumentCache full:https://registry.npmjs.org/merge2 cache-miss
118 silly fetch manifest is-extglob@^2.1.1
119 silly packumentCache full:https://registry.npmjs.org/is-extglob cache-miss
120 silly fetch manifest braces@^3.0.3
121 silly packumentCache full:https://registry.npmjs.org/braces cache-miss
122 http cache https://registry.npmjs.org/is-glob 15ms (cache hit)
123 silly packumentCache full:https://registry.npmjs.org/is-glob set size:40530 disposed:false
124 silly fetch manifest picomatch@^2.3.1
125 silly packumentCache full:https://registry.npmjs.org/picomatch cache-miss
126 http cache https://registry.npmjs.org/glob-parent 17ms (cache hit)
127 silly packumentCache full:https://registry.npmjs.org/glob-parent set size:42445 disposed:false
128 silly fetch manifest resolve@^1.1.7
129 silly packumentCache full:https://registry.npmjs.org/resolve cache-miss
130 http cache https://registry.npmjs.org/glob-parent 17ms (cache hit)
131 silly packumentCache full:https://registry.npmjs.org/glob-parent set size:42445 disposed:false
132 silly packumentCache full:https://registry.npmjs.org/glob-parent dispose
133 silly fetch manifest read-cache@^1.0.0
134 silly packumentCache full:https://registry.npmjs.org/read-cache cache-miss
135 http cache https://registry.npmjs.org/resolve 8ms (cache hit)
136 silly packumentCache full:https://registry.npmjs.org/resolve set size:252941 disposed:false
137 silly fetch manifest camelcase-css@^2.0.1
138 silly packumentCache full:https://registry.npmjs.org/camelcase-css cache-miss
139 http fetch GET 200 https://registry.npmjs.org/readdirp 59ms (cache revalidated)
140 silly packumentCache full:https://registry.npmjs.org/readdirp set size:107589 disposed:false
141 silly fetch manifest postcss-selector-parser@^6.1.1
142 silly packumentCache full:https://registry.npmjs.org/postcss-selector-parser cache-miss
143 http fetch GET 200 https://registry.npmjs.org/picomatch 46ms (cache revalidated)
144 silly packumentCache full:https://registry.npmjs.org/picomatch set size:126376 disposed:false
145 silly fetch manifest cssesc@^3.0.0
146 silly packumentCache full:https://registry.npmjs.org/cssesc cache-miss
147 http fetch GET 200 https://registry.npmjs.org/is-extglob 63ms (cache miss)
148 silly packumentCache full:https://registry.npmjs.org/is-extglob set size:undefined disposed:false
149 silly fetch manifest util-deprecate@^1.0.2
150 silly packumentCache full:https://registry.npmjs.org/util-deprecate cache-miss
151 http fetch GET 200 https://registry.npmjs.org/is-binary-path 70ms (cache miss)
152 silly packumentCache full:https://registry.npmjs.org/is-binary-path set size:undefined disposed:false
153 silly fetch manifest is-core-module@^2.16.1
154 silly packumentCache full:https://registry.npmjs.org/is-core-module cache-miss
155 http fetch GET 200 https://registry.npmjs.org/merge2 71ms (cache miss)
156 silly packumentCache full:https://registry.npmjs.org/merge2 set size:undefined disposed:false
157 silly fetch manifest path-parse@^1.0.7
158 silly packumentCache full:https://registry.npmjs.org/path-parse cache-miss
159 http fetch GET 200 https://registry.npmjs.org/read-cache 55ms (cache miss)
160 silly packumentCache full:https://registry.npmjs.org/read-cache set size:undefined disposed:false
161 silly fetch manifest supports-preserve-symlinks-flag@^1.0.0
162 silly packumentCache full:https://registry.npmjs.org/supports-preserve-symlinks-flag cache-miss
163 http fetch GET 200 https://registry.npmjs.org/camelcase-css 49ms (cache miss)
164 silly packumentCache full:https://registry.npmjs.org/camelcase-css set size:undefined disposed:false
165 silly fetch manifest commander@^4.0.0
166 silly packumentCache full:https://registry.npmjs.org/commander cache-miss
167 http fetch GET 200 https://registry.npmjs.org/braces 77ms (cache miss)
168 silly packumentCache full:https://registry.npmjs.org/braces set size:undefined disposed:false
169 silly fetch manifest lines-and-columns@^1.1.6
170 silly packumentCache full:https://registry.npmjs.org/lines-and-columns cache-miss
171 http fetch GET 200 https://registry.npmjs.org/@nodelib%2ffs.stat 82ms (cache miss)
172 silly packumentCache full:https://registry.npmjs.org/@nodelib%2ffs.stat set size:undefined disposed:false
173 silly fetch manifest mz@^2.7.0
174 silly packumentCache full:https://registry.npmjs.org/mz cache-miss
175 http fetch GET 200 https://registry.npmjs.org/@nodelib%2ffs.walk 83ms (cache miss)
176 silly packumentCache full:https://registry.npmjs.org/@nodelib%2ffs.walk set size:undefined disposed:false
177 silly fetch manifest pirates@^4.0.1
178 silly packumentCache full:https://registry.npmjs.org/pirates cache-miss
179 http cache https://registry.npmjs.org/postcss-selector-parser 26ms (cache hit)
180 silly packumentCache full:https://registry.npmjs.org/postcss-selector-parser set size:177140 disposed:false
181 silly fetch manifest ts-interface-checker@^0.1.9
182 silly packumentCache full:https://registry.npmjs.org/ts-interface-checker cache-miss
183 http fetch GET 200 https://registry.npmjs.org/braces 92ms (cache miss)
184 silly packumentCache full:https://registry.npmjs.org/braces set size:undefined disposed:false
185 http fetch GET 200 https://registry.npmjs.org/is-core-module 29ms (cache miss)
186 silly packumentCache full:https://registry.npmjs.org/is-core-module set size:undefined disposed:false
187 http fetch GET 200 https://registry.npmjs.org/cssesc 42ms (cache miss)
188 silly packumentCache full:https://registry.npmjs.org/cssesc set size:undefined disposed:false
189 http fetch GET 200 https://registry.npmjs.org/util-deprecate 42ms (cache miss)
190 silly packumentCache full:https://registry.npmjs.org/util-deprecate set size:undefined disposed:false
191 http fetch GET 200 https://registry.npmjs.org/supports-preserve-symlinks-flag 36ms (cache miss)
192 silly packumentCache full:https://registry.npmjs.org/supports-preserve-symlinks-flag set size:undefined disposed:false
193 http fetch GET 200 https://registry.npmjs.org/path-parse 41ms (cache miss)
194 silly packumentCache full:https://registry.npmjs.org/path-parse set size:undefined disposed:false
195 http fetch GET 200 https://registry.npmjs.org/commander 40ms (cache revalidated)
196 silly packumentCache full:https://registry.npmjs.org/commander set size:306301 disposed:false
197 http fetch GET 200 https://registry.npmjs.org/lines-and-columns 43ms (cache miss)
198 silly packumentCache full:https://registry.npmjs.org/lines-and-columns set size:undefined disposed:false
199 http fetch GET 200 https://registry.npmjs.org/pirates 41ms (cache miss)
200 silly packumentCache full:https://registry.npmjs.org/pirates set size:undefined disposed:false
201 http fetch GET 200 https://registry.npmjs.org/mz 45ms (cache miss)
202 silly packumentCache full:https://registry.npmjs.org/mz set size:undefined disposed:false
203 http fetch GET 200 https://registry.npmjs.org/ts-interface-checker 223ms (cache miss)
204 silly packumentCache full:https://registry.npmjs.org/ts-interface-checker set size:undefined disposed:false
205 silly placeDep ROOT @nodelib/fs.stat@2.0.5 OK for: fast-glob@3.3.3 want: ^2.0.2
206 silly placeDep ROOT @nodelib/fs.walk@1.2.8 OK for: fast-glob@3.3.3 want: ^1.2.3
207 silly placeDep node_modules/fast-glob glob-parent@5.1.2 OK for: fast-glob@3.3.3 want: ^5.1.2
208 silly placeDep ROOT merge2@1.4.1 OK for: fast-glob@3.3.3 want: ^1.3.0
209 silly fetch manifest fastq@^1.6.0
210 silly packumentCache full:https://registry.npmjs.org/fastq cache-miss
211 silly fetch manifest @nodelib/fs.scandir@2.1.5
212 silly packumentCache full:https://registry.npmjs.org/@nodelib%2ffs.scandir cache-miss
213 http fetch GET 200 https://registry.npmjs.org/fastq 27ms (cache miss)
214 silly packumentCache full:https://registry.npmjs.org/fastq set size:undefined disposed:false
215 http fetch GET 200 https://registry.npmjs.org/@nodelib%2ffs.scandir 40ms (cache miss)
216 silly packumentCache full:https://registry.npmjs.org/@nodelib%2ffs.scandir set size:undefined disposed:false
217 silly placeDep ROOT @nodelib/fs.scandir@2.1.5 OK for: @nodelib/fs.walk@1.2.8 want: 2.1.5
218 silly placeDep ROOT fastq@1.20.1 OK for: @nodelib/fs.walk@1.2.8 want: ^1.6.0
219 silly fetch manifest run-parallel@^1.1.9
220 silly packumentCache full:https://registry.npmjs.org/run-parallel cache-miss
221 silly fetch manifest reusify@^1.0.4
222 silly packumentCache full:https://registry.npmjs.org/reusify cache-miss
223 http fetch GET 200 https://registry.npmjs.org/run-parallel 78ms (cache miss)
224 silly packumentCache full:https://registry.npmjs.org/run-parallel set size:undefined disposed:false
225 http fetch GET 200 https://registry.npmjs.org/reusify 79ms (cache miss)
226 silly packumentCache full:https://registry.npmjs.org/reusify set size:undefined disposed:false
227 silly placeDep ROOT run-parallel@1.2.0 OK for: @nodelib/fs.scandir@2.1.5 want: ^1.1.9
228 silly fetch manifest queue-microtask@^1.2.2
229 silly packumentCache full:https://registry.npmjs.org/queue-microtask cache-miss
230 http fetch GET 200 https://registry.npmjs.org/queue-microtask 45ms (cache miss)
231 silly packumentCache full:https://registry.npmjs.org/queue-microtask set size:undefined disposed:false
232 silly placeDep ROOT reusify@1.1.0 OK for: fastq@1.20.1 want: ^1.0.4
233 silly placeDep ROOT is-extglob@2.1.1 OK for: is-glob@4.0.3 want: ^2.1.1
234 silly placeDep ROOT braces@3.0.3 OK for: micromatch@4.0.8 want: ^3.0.3
235 silly placeDep node_modules/micromatch picomatch@2.3.2 OK for: micromatch@4.0.8 want: ^2.3.1
236 silly fetch manifest fill-range@^7.1.1
237 silly packumentCache full:https://registry.npmjs.org/fill-range cache-miss
238 http fetch GET 200 https://registry.npmjs.org/fill-range 68ms (cache miss)
239 silly packumentCache full:https://registry.npmjs.org/fill-range set size:undefined disposed:false
240 silly placeDep ROOT fill-range@7.1.1 OK for: braces@3.0.3 want: ^7.1.1
241 silly fetch manifest to-regex-range@^5.0.1
242 silly packumentCache full:https://registry.npmjs.org/to-regex-range cache-miss
243 http fetch GET 200 https://registry.npmjs.org/to-regex-range 75ms (cache miss)
244 silly packumentCache full:https://registry.npmjs.org/to-regex-range set size:undefined disposed:false
245 silly placeDep ROOT to-regex-range@5.0.1 OK for: fill-range@7.1.1 want: ^5.0.1
246 silly fetch manifest is-number@^7.0.0
247 silly packumentCache full:https://registry.npmjs.org/is-number cache-miss
248 http fetch GET 200 https://registry.npmjs.org/is-number 94ms (cache miss)
249 silly packumentCache full:https://registry.npmjs.org/is-number set size:undefined disposed:false
250 silly placeDep ROOT read-cache@1.0.0 OK for: postcss-import@15.1.0 want: ^1.0.0
251 silly fetch manifest pify@^2.3.0
252 silly packumentCache full:https://registry.npmjs.org/pify cache-miss
253 http fetch GET 200 https://registry.npmjs.org/pify 70ms (cache miss)
254 silly packumentCache full:https://registry.npmjs.org/pify set size:undefined disposed:false
255 silly placeDep ROOT camelcase-css@2.0.1 OK for: postcss-js@4.1.0 want: ^2.0.1
256 silly placeDep ROOT cssesc@3.0.0 OK for: postcss-selector-parser@6.1.2 want: ^3.0.0
257 silly placeDep ROOT util-deprecate@1.0.2 OK for: postcss-selector-parser@6.1.2 want: ^1.0.2
258 silly placeDep ROOT pify@2.3.0 OK for: read-cache@1.0.0 want: ^2.3.0
259 silly placeDep ROOT is-core-module@2.16.1 OK for: resolve@1.22.12 want: ^2.16.1
260 silly placeDep ROOT path-parse@1.0.7 OK for: resolve@1.22.12 want: ^1.0.7
261 silly placeDep ROOT supports-preserve-symlinks-flag@1.0.0 OK for: resolve@1.22.12 want: ^1.0.0
262 silly placeDep ROOT queue-microtask@1.2.3 OK for: run-parallel@1.2.0 want: ^1.2.2
263 silly placeDep node_modules/sucrase commander@4.1.1 OK for: sucrase@3.35.1 want: ^4.0.0
264 silly placeDep ROOT lines-and-columns@1.2.4 OK for: sucrase@3.35.1 want: ^1.1.6
265 silly placeDep ROOT mz@2.7.0 OK for: sucrase@3.35.1 want: ^2.7.0
266 silly placeDep ROOT pirates@4.0.7 OK for: sucrase@3.35.1 want: ^4.0.1
267 silly placeDep ROOT ts-interface-checker@0.1.13 OK for: sucrase@3.35.1 want: ^0.1.9
268 silly fetch manifest any-promise@^1.0.0
269 silly packumentCache full:https://registry.npmjs.org/any-promise cache-miss
270 silly fetch manifest thenify-all@^1.0.0
271 silly packumentCache full:https://registry.npmjs.org/thenify-all cache-miss
272 http fetch GET 200 https://registry.npmjs.org/any-promise 60ms (cache miss)
273 silly packumentCache full:https://registry.npmjs.org/any-promise set size:undefined disposed:false
274 http fetch GET 200 https://registry.npmjs.org/thenify-all 61ms (cache miss)
275 silly packumentCache full:https://registry.npmjs.org/thenify-all set size:undefined disposed:false
276 silly placeDep ROOT any-promise@1.3.0 OK for: mz@2.7.0 want: ^1.0.0
277 silly placeDep ROOT thenify-all@1.6.0 OK for: mz@2.7.0 want: ^1.0.0
278 silly fetch manifest thenify@>= 3.1.0 < 4
279 silly packumentCache full:https://registry.npmjs.org/thenify cache-miss
280 http fetch GET 200 https://registry.npmjs.org/thenify 56ms (cache miss)
281 silly packumentCache full:https://registry.npmjs.org/thenify set size:undefined disposed:false
282 silly placeDep ROOT thenify@3.3.1 OK for: thenify-all@1.6.0 want: >= 3.1.0 < 4
283 silly placeDep ROOT is-number@7.0.0 OK for: to-regex-range@5.0.1 want: ^7.0.0
284 silly placeDep node_modules/tailwindcss/node_modules/chokidar glob-parent@5.1.2 OK for: chokidar@3.6.0 want: ~5.1.2
285 silly placeDep ROOT is-binary-path@2.1.0 OK for: chokidar@3.6.0 want: ~2.1.0
286 silly placeDep node_modules/tailwindcss readdirp@3.6.0 OK for: chokidar@3.6.0 want: ~3.6.0
287 silly fetch manifest binary-extensions@^2.0.0
288 silly packumentCache full:https://registry.npmjs.org/binary-extensions cache-miss
289 silly fetch manifest picomatch@^2.2.1
290 silly packumentCache full:https://registry.npmjs.org/picomatch cache-hit
291 http fetch GET 200 https://registry.npmjs.org/binary-extensions 33ms (cache miss)
292 silly packumentCache full:https://registry.npmjs.org/binary-extensions set size:undefined disposed:false
293 silly placeDep ROOT binary-extensions@2.3.0 OK for: is-binary-path@2.1.0 want: ^2.0.0
294 silly placeDep node_modules/tailwindcss picomatch@2.3.2 OK for: readdirp@3.6.0 want: ^2.2.1
295 silly reify mark retired [
295 silly reify   '/Users/anatoly/Sites/bitcode/villa-ramann2/node_modules/tailwindcss'
295 silly reify ]
296 silly reify moves {
296 silly reify   '/Users/anatoly/Sites/bitcode/villa-ramann2/node_modules/tailwindcss': '/Users/anatoly/Sites/bitcode/villa-ramann2/node_modules/.tailwindcss-Oy8fSzHn'
296 silly reify }
297 silly audit bulk request {
297 silly audit   '@astrojs/compiler': [ '4.0.0' ],
297 silly audit   '@astrojs/internal-helpers': [ '0.9.0' ],
297 silly audit   '@astrojs/markdown-remark': [ '7.1.1' ],
297 silly audit   '@astrojs/prism': [ '4.0.1' ],
297 silly audit   '@astrojs/react': [ '5.0.4' ],
297 silly audit   '@astrojs/tailwind': [ '6.0.2' ],
297 silly audit   '@astrojs/telemetry': [ '3.3.1' ],
297 silly audit   '@babel/code-frame': [ '7.29.0' ],
297 silly audit   '@babel/compat-data': [ '7.29.3' ],
297 silly audit   '@babel/core': [ '7.29.0' ],
297 silly audit   '@babel/generator': [ '7.29.1' ],
297 silly audit   '@babel/helper-compilation-targets': [ '7.28.6' ],
297 silly audit   '@babel/helper-globals': [ '7.28.0' ],
297 silly audit   '@babel/helper-module-imports': [ '7.28.6' ],
297 silly audit   '@babel/helper-module-transforms': [ '7.28.6' ],
297 silly audit   '@babel/helper-plugin-utils': [ '7.28.6' ],
297 silly audit   '@babel/helper-string-parser': [ '7.27.1' ],
297 silly audit   '@babel/helper-validator-identifier': [ '7.28.5' ],
297 silly audit   '@babel/helper-validator-option': [ '7.27.1' ],
297 silly audit   '@babel/helpers': [ '7.29.2' ],
297 silly audit   '@babel/parser': [ '7.29.3' ],
297 silly audit   '@babel/plugin-transform-react-jsx-self': [ '7.27.1' ],
297 silly audit   '@babel/plugin-transform-react-jsx-source': [ '7.27.1' ],
297 silly audit   '@babel/runtime': [ '7.29.2' ],
297 silly audit   '@babel/template': [ '7.28.6' ],
297 silly audit   '@babel/traverse': [ '7.29.0' ],
297 silly audit   '@babel/types': [ '7.29.0' ],
297 silly audit   '@base44/sdk': [ '0.8.27' ],
297 silly audit   '@base44/vite-plugin': [ '1.0.13' ],
297 silly audit   '@capsizecss/unpack': [ '4.0.0' ],
297 silly audit   '@clack/core': [ '1.3.0' ],
297 silly audit   '@clack/prompts': [ '1.3.0' ],
297 silly audit   '@date-fns/tz': [ '1.4.1' ],
297 silly audit   '@emnapi/runtime': [ '1.10.0' ],
297 silly audit   '@esbuild/aix-ppc64': [ '0.27.7' ],
297 silly audit   '@esbuild/android-arm': [ '0.27.7' ],
297 silly audit   '@esbuild/android-arm64': [ '0.27.7' ],
297 silly audit   '@esbuild/android-x64': [ '0.27.7' ],
297 silly audit   '@esbuild/darwin-arm64': [ '0.27.7' ],
297 silly audit   '@esbuild/darwin-x64': [ '0.27.7' ],
297 silly audit   '@esbuild/freebsd-arm64': [ '0.27.7' ],
297 silly audit   '@esbuild/freebsd-x64': [ '0.27.7' ],
297 silly audit   '@esbuild/linux-arm': [ '0.27.7' ],
297 silly audit   '@esbuild/linux-arm64': [ '0.27.7' ],
297 silly audit   '@esbuild/linux-ia32': [ '0.27.7' ],
297 silly audit   '@esbuild/linux-loong64': [ '0.27.7' ],
297 silly audit   '@esbuild/linux-mips64el': [ '0.27.7' ],
297 silly audit   '@esbuild/linux-ppc64': [ '0.27.7' ],
297 silly audit   '@esbuild/linux-riscv64': [ '0.27.7' ],
297 silly audit   '@esbuild/linux-s390x': [ '0.27.7' ],
297 silly audit   '@esbuild/linux-x64': [ '0.27.7' ],
297 silly audit   '@esbuild/netbsd-arm64': [ '0.27.7' ],
297 silly audit   '@esbuild/netbsd-x64': [ '0.27.7' ],
297 silly audit   '@esbuild/openbsd-arm64': [ '0.27.7' ],
297 silly audit   '@esbuild/openbsd-x64': [ '0.27.7' ],
297 silly audit   '@esbuild/openharmony-arm64': [ '0.27.7' ],
297 silly audit   '@esbuild/sunos-x64': [ '0.27.7' ],
297 silly audit   '@esbuild/win32-arm64': [ '0.27.7' ],
297 silly audit   '@esbuild/win32-ia32': [ '0.27.7' ],
297 silly audit   '@esbuild/win32-x64': [ '0.27.7' ],
297 silly audit   '@floating-ui/core': [ '1.7.5' ],
297 silly audit   '@floating-ui/dom': [ '1.7.6' ],
297 silly audit   '@floating-ui/react-dom': [ '2.1.8' ],
297 silly audit   '@floating-ui/utils': [ '0.2.11' ],
297 silly audit   '@hello-pangea/dnd': [ '18.0.1' ],
297 silly audit   '@hookform/resolvers': [ '5.2.2' ],
297 silly audit   '@img/colour': [ '1.1.0' ],
297 silly audit   '@img/sharp-darwin-arm64': [ '0.34.5' ],
297 silly audit   '@img/sharp-darwin-x64': [ '0.34.5' ],
297 silly audit   '@img/sharp-libvips-darwin-arm64': [ '1.2.4' ],
297 silly audit   '@img/sharp-libvips-darwin-x64': [ '1.2.4' ],
297 silly audit   '@img/sharp-libvips-linux-arm': [ '1.2.4' ],
297 silly audit   '@img/sharp-libvips-linux-arm64': [ '1.2.4' ],
297 silly audit   '@img/sharp-libvips-linux-ppc64': [ '1.2.4' ],
297 silly audit   '@img/sharp-libvips-linux-riscv64': [ '1.2.4' ],
297 silly audit   '@img/sharp-libvips-linux-s390x': [ '1.2.4' ],
297 silly audit   '@img/sharp-libvips-linux-x64': [ '1.2.4' ],
297 silly audit   '@img/sharp-libvips-linuxmusl-arm64': [ '1.2.4' ],
297 silly audit   '@img/sharp-libvips-linuxmusl-x64': [ '1.2.4' ],
297 silly audit   '@img/sharp-linux-arm': [ '0.34.5' ],
297 silly audit   '@img/sharp-linux-arm64': [ '0.34.5' ],
297 silly audit   '@img/sharp-linux-ppc64': [ '0.34.5' ],
297 silly audit   '@img/sharp-linux-riscv64': [ '0.34.5' ],
297 silly audit   '@img/sharp-linux-s390x': [ '0.34.5' ],
297 silly audit   '@img/sharp-linux-x64': [ '0.34.5' ],
297 silly audit   '@img/sharp-linuxmusl-arm64': [ '0.34.5' ],
297 silly audit   '@img/sharp-linuxmusl-x64': [ '0.34.5' ],
297 silly audit   '@img/sharp-wasm32': [ '0.34.5' ],
297 silly audit   '@img/sharp-win32-arm64': [ '0.34.5' ],
297 silly audit   '@img/sharp-win32-ia32': [ '0.34.5' ],
297 silly audit   '@img/sharp-win32-x64': [ '0.34.5' ],
297 silly audit   '@jridgewell/gen-mapping': [ '0.3.13' ],
297 silly audit   '@jridgewell/remapping': [ '2.3.5' ],
297 silly audit   '@jridgewell/resolve-uri': [ '3.1.2' ],
297 silly audit   '@jridgewell/sourcemap-codec': [ '1.5.5' ],
297 silly audit   '@jridgewell/trace-mapping': [ '0.3.31' ],
297 silly audit   '@oslojs/encoding': [ '1.1.0' ],
297 silly audit   '@radix-ui/number': [ '1.1.1' ],
297 silly audit   '@radix-ui/primitive': [ '1.1.3' ],
297 silly audit   '@radix-ui/react-accordion': [ '1.2.12' ],
297 silly audit   '@radix-ui/react-alert-dialog': [ '1.1.15' ],
297 silly audit   '@radix-ui/react-slot': [ '1.2.3', '1.2.4' ],
297 silly audit   '@radix-ui/react-arrow': [ '1.1.7' ],
297 silly audit   '@radix-ui/react-aspect-ratio': [ '1.1.8' ],
297 silly audit   '@radix-ui/react-primitive': [ '2.1.4', '2.1.3' ],
297 silly audit   '@radix-ui/react-avatar': [ '1.1.11' ],
297 silly audit   '@radix-ui/react-context': [ '1.1.3', '1.1.2' ],
297 silly audit   '@radix-ui/react-checkbox': [ '1.3.3' ],
297 silly audit   '@radix-ui/react-collapsible': [ '1.1.12' ],
297 silly audit   '@radix-ui/react-collection': [ '1.1.7' ],
297 silly audit   '@radix-ui/react-compose-refs': [ '1.1.2' ],
297 silly audit   '@radix-ui/react-context-menu': [ '2.2.16' ],
297 silly audit   '@radix-ui/react-dialog': [ '1.1.15' ],
297 silly audit   '@radix-ui/react-direction': [ '1.1.1' ],
297 silly audit   '@radix-ui/react-dismissable-layer': [ '1.1.11' ],
297 silly audit   '@radix-ui/react-dropdown-menu': [ '2.1.16' ],
297 silly audit   '@radix-ui/react-focus-guards': [ '1.1.3' ],
297 silly audit   '@radix-ui/react-focus-scope': [ '1.1.7' ],
297 silly audit   '@radix-ui/react-hover-card': [ '1.1.15' ],
297 silly audit   '@radix-ui/react-id': [ '1.1.1' ],
297 silly audit   '@radix-ui/react-label': [ '2.1.8' ],
297 silly audit   '@radix-ui/react-menu': [ '2.1.16' ],
297 silly audit   '@radix-ui/react-menubar': [ '1.1.16' ],
297 silly audit   '@radix-ui/react-navigation-menu': [ '1.2.14' ],
297 silly audit   '@radix-ui/react-popover': [ '1.1.15' ],
297 silly audit   '@radix-ui/react-popper': [ '1.2.8' ],
297 silly audit   '@radix-ui/react-portal': [ '1.1.9' ],
297 silly audit   '@radix-ui/react-presence': [ '1.1.5' ],
297 silly audit   '@radix-ui/react-progress': [ '1.1.8' ],
297 silly audit   '@radix-ui/react-radio-group': [ '1.3.8' ],
297 silly audit   '@radix-ui/react-roving-focus': [ '1.1.11' ],
297 silly audit   '@radix-ui/react-scroll-area': [ '1.2.10' ],
297 silly audit   '@radix-ui/react-select': [ '2.2.6' ],
297 silly audit   '@radix-ui/react-separator': [ '1.1.8' ],
297 silly audit   '@radix-ui/react-slider': [ '1.3.6' ],
297 silly audit   '@radix-ui/react-switch': [ '1.2.6' ],
297 silly audit   '@radix-ui/react-tabs': [ '1.1.13' ],
297 silly audit   '@radix-ui/react-toast': [ '1.2.15' ],
297 silly audit   '@radix-ui/react-toggle': [ '1.1.10' ],
297 silly audit   '@radix-ui/react-toggle-group': [ '1.1.11' ],
297 silly audit   '@radix-ui/react-tooltip': [ '1.2.8' ],
297 silly audit   '@radix-ui/react-use-callback-ref': [ '1.1.1' ],
297 silly audit   '@radix-ui/react-use-controllable-state': [ '1.2.2' ],
297 silly audit   '@radix-ui/react-use-effect-event': [ '0.0.2' ],
297 silly audit   '@radix-ui/react-use-escape-keydown': [ '1.1.1' ],
297 silly audit   '@radix-ui/react-use-is-hydrated': [ '0.1.0' ],
297 silly audit   '@radix-ui/react-use-layout-effect': [ '1.1.1' ],
297 silly audit   '@radix-ui/react-use-previous': [ '1.1.1' ],
297 silly audit   '@radix-ui/react-use-rect': [ '1.1.1' ],
297 silly audit   '@radix-ui/react-use-size': [ '1.1.1' ],
297 silly audit   '@radix-ui/react-visually-hidden': [ '1.2.3' ],
297 silly audit   '@radix-ui/rect': [ '1.1.1' ],
297 silly audit   '@react-leaflet/core': [ '3.0.0' ],
297 silly audit   '@reduxjs/toolkit': [ '2.11.2' ],
297 silly audit   immer: [ '11.1.4', '10.2.0' ],
297 silly audit   '@rolldown/pluginutils': [ '1.0.0-rc.3' ],
297 silly audit   '@rollup/pluginutils': [ '5.3.0' ],
297 silly audit   '@rollup/rollup-android-arm-eabi': [ '4.60.2' ],
297 silly audit   '@rollup/rollup-android-arm64': [ '4.60.2' ],
297 silly audit   '@rollup/rollup-darwin-arm64': [ '4.60.2' ],
297 silly audit   '@rollup/rollup-darwin-x64': [ '4.60.2' ],
297 silly audit   '@rollup/rollup-freebsd-arm64': [ '4.60.2' ],
297 silly audit   '@rollup/rollup-freebsd-x64': [ '4.60.2' ],
297 silly audit   '@rollup/rollup-linux-arm-gnueabihf': [ '4.60.2' ],
297 silly audit   '@rollup/rollup-linux-arm-musleabihf': [ '4.60.2' ],
297 silly audit   '@rollup/rollup-linux-arm64-gnu': [ '4.60.2' ],
297 silly audit   '@rollup/rollup-linux-arm64-musl': [ '4.60.2' ],
297 silly audit   '@rollup/rollup-linux-loong64-gnu': [ '4.60.2' ],
297 silly audit   '@rollup/rollup-linux-loong64-musl': [ '4.60.2' ],
297 silly audit   '@rollup/rollup-linux-ppc64-gnu': [ '4.60.2' ],
297 silly audit   '@rollup/rollup-linux-ppc64-musl': [ '4.60.2' ],
297 silly audit   '@rollup/rollup-linux-riscv64-gnu': [ '4.60.2' ],
297 silly audit   '@rollup/rollup-linux-riscv64-musl': [ '4.60.2' ],
297 silly audit   '@rollup/rollup-linux-s390x-gnu': [ '4.60.2' ],
297 silly audit   '@rollup/rollup-linux-x64-gnu': [ '4.60.2' ],
297 silly audit   '@rollup/rollup-linux-x64-musl': [ '4.60.2' ],
297 silly audit   '@rollup/rollup-openbsd-x64': [ '4.60.2' ],
297 silly audit   '@rollup/rollup-openharmony-arm64': [ '4.60.2' ],
297 silly audit   '@rollup/rollup-win32-arm64-msvc': [ '4.60.2' ],
297 silly audit   '@rollup/rollup-win32-ia32-msvc': [ '4.60.2' ],
297 silly audit   '@rollup/rollup-win32-x64-gnu': [ '4.60.2' ],
297 silly audit   '@rollup/rollup-win32-x64-msvc': [ '4.60.2' ],
297 silly audit   '@shikijs/core': [ '4.0.2' ],
297 silly audit   '@shikijs/engine-javascript': [ '4.0.2' ],
297 silly audit   '@shikijs/engine-oniguruma': [ '4.0.2' ],
297 silly audit   '@shikijs/langs': [ '4.0.2' ],
297 silly audit   '@shikijs/primitive': [ '4.0.2' ],
297 silly audit   '@shikijs/themes': [ '4.0.2' ],
297 silly audit   '@shikijs/types': [ '4.0.2' ],
297 silly audit   '@shikijs/vscode-textmate': [ '10.0.2' ],
297 silly audit   '@socket.io/component-emitter': [ '3.1.2' ],
297 silly audit   '@standard-schema/spec': [ '1.1.0' ],
297 silly audit   '@standard-schema/utils': [ '0.3.0' ],
297 silly audit   '@stripe/react-stripe-js': [ '6.3.0' ],
297 silly audit   '@stripe/stripe-js': [ '9.4.0' ],
297 silly audit   '@tabby_ai/hijri-converter': [ '1.0.5' ],
297 silly audit   '@tanstack/query-core': [ '5.100.8' ],
297 silly audit   '@tanstack/react-query': [ '5.100.8' ],
297 silly audit   '@types/babel__core': [ '7.20.5' ],
297 silly audit   '@types/babel__generator': [ '7.27.0' ],
297 silly audit   '@types/babel__template': [ '7.4.4' ],
297 silly audit   '@types/babel__traverse': [ '7.28.0' ],
297 silly audit   '@types/d3-array': [ '3.2.2' ],
297 silly audit   '@types/d3-color': [ '3.1.3' ],
297 silly audit   '@types/d3-ease': [ '3.0.2' ],
297 silly audit   '@types/d3-interpolate': [ '3.0.4' ],
297 silly audit   '@types/d3-path': [ '3.1.1' ],
297 silly audit   '@types/d3-scale': [ '4.0.9' ],
297 silly audit   '@types/d3-shape': [ '3.1.8' ],
297 silly audit   '@types/d3-time': [ '3.0.4' ],
297 silly audit   '@types/d3-timer': [ '3.0.2' ],
297 silly audit   '@types/debug': [ '4.1.13' ],
297 silly audit   '@types/estree': [ '1.0.8' ],
297 silly audit   '@types/estree-jsx': [ '1.0.5' ],
297 silly audit   '@types/hast': [ '3.0.4' ],
297 silly audit   '@types/mdast': [ '4.0.4' ],
297 silly audit   '@types/ms': [ '2.1.0' ],
297 silly audit   '@types/nlcst': [ '2.0.3' ],
297 silly audit   '@types/pako': [ '2.0.4' ],
297 silly audit   '@types/quill': [ '1.3.10' ],
297 silly audit   '@types/raf': [ '3.4.3' ],
297 silly audit   '@types/react': [ '19.2.14' ],
297 silly audit   '@types/react-dom': [ '19.2.3' ],
297 silly audit   '@types/trusted-types': [ '2.0.7' ],
297 silly audit   '@types/unist': [ '3.0.3', '2.0.11' ],
297 silly audit   '@types/use-sync-external-store': [ '0.0.6' ],
297 silly audit   '@ungap/structured-clone': [ '1.3.0' ],
297 silly audit   '@vitejs/plugin-react': [ '5.2.0' ],
297 silly audit   anymatch: [ '3.1.3' ],
297 silly audit   picomatch: [ '2.3.2', '4.0.4' ],
297 silly audit   argparse: [ '2.0.1' ],
297 silly audit   'aria-hidden': [ '1.2.6' ],
297 silly audit   'aria-query': [ '5.3.2' ],
297 silly audit   'array-iterate': [ '2.0.1' ],
297 silly audit   astro: [ '6.2.1' ],
297 silly audit   semver: [ '7.7.4', '6.3.1' ],
297 silly audit   asynckit: [ '0.4.0' ],
297 silly audit   autoprefixer: [ '10.5.0' ],
297 silly audit   axios: [ '1.16.0' ],
297 silly audit   'axobject-query': [ '4.1.0' ],
297 silly audit   bail: [ '2.0.2' ],
297 silly audit   'base64-arraybuffer': [ '1.0.2' ],
297 silly audit   'baseline-browser-mapping': [ '2.10.25' ],
297 silly audit   boolbase: [ '1.0.0' ],
297 silly audit   browserslist: [ '4.28.2' ],
297 silly audit   'call-bind': [ '1.0.9' ],
297 silly audit   'call-bind-apply-helpers': [ '1.0.2' ],
297 silly audit   'call-bound': [ '1.0.4' ],
297 silly audit   'caniuse-lite': [ '1.0.30001791' ],
297 silly audit   'canvas-confetti': [ '1.9.4' ],
297 silly audit   canvg: [ '3.0.11' ],
297 silly audit   ccount: [ '2.0.1' ],
297 silly audit   'character-entities': [ '2.0.2' ],
297 silly audit   'character-entities-html4': [ '2.1.0' ],
297 silly audit   'character-entities-legacy': [ '3.0.0' ],
297 silly audit   'character-reference-invalid': [ '2.0.1' ],
297 silly audit   chokidar: [ '5.0.0', '3.6.0' ],
297 silly audit   'ci-info': [ '4.4.0' ],
297 silly audit   'class-variance-authority': [ '0.7.1' ],
297 silly audit   clone: [ '2.1.2' ],
297 silly audit   clsx: [ '2.1.1' ],
297 silly audit   cmdk: [ '1.1.1' ],
297 silly audit   'combined-stream': [ '1.0.8' ],
297 silly audit   'comma-separated-tokens': [ '2.0.3' ],
297 silly audit   commander: [ '11.1.0', '4.1.1' ],
297 silly audit   'common-ancestor-path': [ '2.0.0' ],
297 silly audit   'convert-source-map': [ '2.0.0' ],
297 silly audit   cookie: [ '1.1.1' ],
297 silly audit   'cookie-es': [ '1.2.3' ],
297 silly audit   'core-js': [ '3.49.0' ],
297 silly audit   crossws: [ '0.3.5' ],
297 silly audit   'css-box-model': [ '1.2.1' ],
297 silly audit   'css-line-break': [ '2.1.0' ],
297 silly audit   'css-select': [ '5.2.2' ],
297 silly audit   'css-tree': [ '3.2.1', '2.2.1' ],
297 silly audit   'css-what': [ '6.2.2' ],
297 silly audit   csso: [ '5.0.5' ],
297 silly audit   'mdn-data': [ '2.0.28', '2.27.1' ],
297 silly audit   csstype: [ '3.2.3' ],
297 silly audit   'd3-array': [ '3.2.4' ],
297 silly audit   'd3-color': [ '3.1.0' ],
297 silly audit   'd3-ease': [ '3.0.1' ],
297 silly audit   'd3-format': [ '3.1.2' ],
297 silly audit   'd3-interpolate': [ '3.0.1' ],
297 silly audit   'd3-path': [ '3.1.0' ],
297 silly audit   'd3-scale': [ '4.0.2' ],
297 silly audit   'd3-shape': [ '3.2.0' ],
297 silly audit   'd3-time': [ '3.1.0' ],
297 silly audit   'd3-time-format': [ '4.1.0' ],
297 silly audit   'd3-timer': [ '3.0.1' ],
297 silly audit   'date-fns': [ '4.1.0' ],
297 silly audit   'date-fns-jalali': [ '4.1.0-0' ],
297 silly audit   debug: [ '4.4.3' ],
297 silly audit   'decimal.js-light': [ '2.5.1' ],
297 silly audit   'decode-named-character-reference': [ '1.3.0' ],
297 silly audit   'deep-equal': [ '1.1.2' ],
297 silly audit   'define-data-property': [ '1.1.4' ],
297 silly audit   'define-properties': [ '1.2.1' ],
297 silly audit   defu: [ '6.1.7' ],
297 silly audit   'delayed-stream': [ '1.0.0' ],
297 silly audit   dequal: [ '2.0.3' ],
297 silly audit   destr: [ '2.0.5' ],
297 silly audit   'detect-libc': [ '2.1.2' ],
297 silly audit   'detect-node-es': [ '1.1.0' ],
297 silly audit   devalue: [ '5.8.0' ],
297 silly audit   devlop: [ '1.1.0' ],
297 silly audit   diff: [ '8.0.4' ],
297 silly audit   dlv: [ '1.1.3' ],
297 silly audit   domelementtype: [ '2.3.0' ],
297 silly audit   domhandler: [ '5.0.3' ],
297 silly audit   dompurify: [ '3.4.2' ],
297 silly audit   domutils: [ '3.2.2' ],
297 silly audit   'dom-serializer': [ '2.0.0' ],
297 silly audit   entities: [ '4.5.0', '6.0.1' ],
297 silly audit   dset: [ '3.1.4' ],
297 silly audit   'dunder-proto': [ '1.0.1' ],
297 silly audit   'electron-to-chromium': [ '1.5.349' ],
297 silly audit   'embla-carousel': [ '8.6.0' ],
297 silly audit   'embla-carousel-react': [ '8.6.0' ],
297 silly audit   'embla-carousel-reactive-utils': [ '8.6.0' ],
297 silly audit   'engine.io-client': [ '6.6.4' ],
297 silly audit   'engine.io-parser': [ '5.2.3' ],
297 silly audit   'es-define-property': [ '1.0.1' ],
297 silly audit   'es-errors': [ '1.3.0' ],
297 silly audit   'es-module-lexer': [ '2.1.0' ],
297 silly audit   'es-object-atoms': [ '1.1.1' ],
297 silly audit   'es-set-tostringtag': [ '2.1.0' ],
297 silly audit   'es-toolkit': [ '1.46.1' ],
297 silly audit   esbuild: [ '0.27.7' ],
297 silly audit   escalade: [ '3.2.0' ],
297 silly audit   'escape-string-regexp': [ '5.0.0' ],
297 silly audit   'estree-util-is-identifier-name': [ '3.0.0' ],
297 silly audit   'estree-walker': [ '2.0.2' ],
297 silly audit   eventemitter3: [ '5.0.4', '2.0.3' ],
297 silly audit   extend: [ '3.0.2' ],
297 silly audit   'fast-diff': [ '1.1.2' ],
297 silly audit   'fast-png': [ '6.4.0' ],
297 silly audit   'fast-string-truncated-width': [ '3.0.3' ],
297 silly audit   'fast-string-width': [ '3.0.2' ],
297 silly audit   'fast-wrap-ansi': [ '0.2.0' ],
297 silly audit   fdir: [ '6.5.0' ],
297 silly audit   fflate: [ '0.8.2' ],
297 silly audit   flattie: [ '1.1.1' ],
297 silly audit   'follow-redirects': [ '1.16.0' ],
297 silly audit   fontace: [ '0.4.1' ],
297 silly audit   fontkitten: [ '1.0.3' ],
297 silly audit   'form-data': [ '4.0.5' ],
297 silly audit   'fraction.js': [ '5.3.4' ],
297 silly audit   'framer-motion': [ '12.38.0' ],
297 silly audit   fsevents: [ '2.3.3' ],
297 silly audit   'function-bind': [ '1.1.2' ],
297 silly audit   'functions-have-names': [ '1.2.3' ],
297 silly audit   gensync: [ '1.0.0-beta.2' ],
297 silly audit   'get-intrinsic': [ '1.3.0' ],
297 silly audit   'get-nonce': [ '1.0.1' ],
297 silly audit   'get-proto': [ '1.0.1' ],
297 silly audit   'github-slugger': [ '2.0.0' ],
297 silly audit   gopd: [ '1.2.0' ],
297 silly audit   h3: [ '1.15.11' ],
297 silly audit   'has-property-descriptors': [ '1.0.2' ],
297 silly audit   'has-symbols': [ '1.1.0' ],
297 silly audit   'has-tostringtag': [ '1.0.2' ],
297 silly audit   hasown: [ '2.0.3' ],
297 silly audit   'hast-util-from-html': [ '2.0.3' ],
297 silly audit   'hast-util-from-parse5': [ '8.0.3' ],
297 silly audit   'hast-util-is-element': [ '3.0.0' ],
297 silly audit   'hast-util-parse-selector': [ '4.0.0' ],
297 silly audit   'hast-util-raw': [ '9.1.0' ],
297 silly audit   'hast-util-to-html': [ '9.0.5' ],
297 silly audit   'hast-util-to-jsx-runtime': [ '2.3.6' ],
297 silly audit   'hast-util-to-parse5': [ '8.0.1' ],
297 silly audit   'hast-util-to-text': [ '4.0.2' ],
297 silly audit   'hast-util-whitespace': [ '3.0.0' ],
297 silly audit   hastscript: [ '9.0.1' ],
297 silly audit   'html-escaper': [ '3.0.3' ],
297 silly audit   'html-url-attributes': [ '3.0.1' ],
297 silly audit   'html-void-elements': [ '3.0.0' ],
297 silly audit   html2canvas: [ '1.4.1' ],
297 silly audit   'http-cache-semantics': [ '4.2.0' ],
297 silly audit   'inline-style-parser': [ '0.2.7' ],
297 silly audit   'input-otp': [ '1.4.2' ],
297 silly audit   internmap: [ '2.0.3' ],
297 silly audit   iobuffer: [ '5.4.0' ],
297 silly audit   'iron-webcrypto': [ '1.2.1' ],
297 silly audit   'is-alphabetical': [ '2.0.1' ],
297 silly audit   'is-alphanumerical': [ '2.0.1' ],
297 silly audit   'is-arguments': [ '1.2.0' ],
297 silly audit   'is-date-object': [ '1.1.0' ],
297 silly audit   'is-decimal': [ '2.0.1' ],
297 silly audit   'is-docker': [ '4.0.0', '3.0.0' ],
297 silly audit   'is-hexadecimal': [ '2.0.1' ],
297 silly audit   'is-inside-container': [ '1.0.0' ],
297 silly audit   'is-plain-obj': [ '4.1.0' ],
297 silly audit   'is-regex': [ '1.2.1' ],
297 silly audit   'is-wsl': [ '3.1.1' ],
297 silly audit   'js-tokens': [ '4.0.0' ],
297 silly audit   'js-yaml': [ '4.1.1' ],
297 silly audit   jsesc: [ '3.1.0' ],
297 silly audit   json5: [ '2.2.3' ],
297 silly audit   jspdf: [ '4.2.1' ],
297 silly audit   lilconfig: [ '3.1.3' ],
297 silly audit   lodash: [ '4.18.1' ],
297 silly audit   'longest-streak': [ '3.1.0' ],
297 silly audit   'loose-envify': [ '1.4.0' ],
297 silly audit   'lru-cache': [ '5.1.1', '11.3.5' ],
297 silly audit   'lucide-react': [ '1.14.0' ],
297 silly audit   'magic-string': [ '0.30.21' ],
297 silly audit   magicast: [ '0.5.2' ],
297 silly audit   'markdown-table': [ '3.0.4' ],
297 silly audit   'math-intrinsics': [ '1.1.0' ],
297 silly audit   'mdast-util-definitions': [ '6.0.0' ],
297 silly audit   'mdast-util-find-and-replace': [ '3.0.2' ],
297 silly audit   'mdast-util-from-markdown': [ '2.0.3' ],
297 silly audit   'mdast-util-gfm': [ '3.1.0' ],
297 silly audit   'mdast-util-gfm-autolink-literal': [ '2.0.1' ],
297 silly audit   'mdast-util-gfm-footnote': [ '2.1.0' ],
297 silly audit   'mdast-util-gfm-strikethrough': [ '2.0.0' ],
297 silly audit   'mdast-util-gfm-table': [ '2.0.0' ],
297 silly audit   'mdast-util-gfm-task-list-item': [ '2.0.0' ],
297 silly audit   'mdast-util-mdx-expression': [ '2.0.1' ],
297 silly audit   'mdast-util-mdx-jsx': [ '3.2.0' ],
297 silly audit   'mdast-util-mdxjs-esm': [ '2.0.1' ],
297 silly audit   'mdast-util-phrasing': [ '4.1.0' ],
297 silly audit   'mdast-util-to-hast': [ '13.2.1' ],
297 silly audit   'mdast-util-to-markdown': [ '2.1.2' ],
297 silly audit   'mdast-util-to-string': [ '4.0.0' ],
297 silly audit   micromark: [ '4.0.2' ],
297 silly audit   'micromark-core-commonmark': [ '2.0.3' ],
297 silly audit   'micromark-extension-gfm': [ '3.0.0' ],
297 silly audit   'micromark-extension-gfm-autolink-literal': [ '2.1.0' ],
297 silly audit   'micromark-extension-gfm-footnote': [ '2.1.0' ],
297 silly audit   'micromark-extension-gfm-strikethrough': [ '2.1.0' ],
297 silly audit   'micromark-extension-gfm-table': [ '2.1.1' ],
297 silly audit   'micromark-extension-gfm-tagfilter': [ '2.0.0' ],
297 silly audit   'micromark-extension-gfm-task-list-item': [ '2.1.0' ],
297 silly audit   'micromark-factory-destination': [ '2.0.1' ],
297 silly audit   'micromark-factory-label': [ '2.0.1' ],
297 silly audit   'micromark-factory-space': [ '2.0.1' ],
297 silly audit   'micromark-factory-title': [ '2.0.1' ],
297 silly audit   'micromark-factory-whitespace': [ '2.0.1' ],
297 silly audit   'micromark-util-character': [ '2.1.1' ],
297 silly audit   'micromark-util-chunked': [ '2.0.1' ],
297 silly audit   'micromark-util-classify-character': [ '2.0.1' ],
297 silly audit   'micromark-util-combine-extensions': [ '2.0.1' ],
297 silly audit   'micromark-util-decode-numeric-character-reference': [ '2.0.2' ],
297 silly audit   'micromark-util-decode-string': [ '2.0.1' ],
297 silly audit   'micromark-util-encode': [ '2.0.1' ],
297 silly audit   'micromark-util-html-tag-name': [ '2.0.1' ],
297 silly audit   'micromark-util-normalize-identifier': [ '2.0.1' ],
297 silly audit   'micromark-util-resolve-all': [ '2.0.1' ],
297 silly audit   'micromark-util-sanitize-uri': [ '2.0.1' ],
297 silly audit   'micromark-util-subtokenize': [ '2.1.0' ],
297 silly audit   'micromark-util-symbol': [ '2.0.1' ],
297 silly audit   'micromark-util-types': [ '2.0.2' ],
297 silly audit   'mime-db': [ '1.52.0' ],
297 silly audit   'mime-types': [ '2.1.35' ],
297 silly audit   moment: [ '2.30.1' ],
297 silly audit   'motion-dom': [ '12.38.0' ],
297 silly audit   'motion-utils': [ '12.36.0' ],
297 silly audit   mrmime: [ '2.0.1' ],
297 silly audit   ms: [ '2.1.3' ],
297 silly audit   nanoid: [ '3.3.12' ],
297 silly audit   neotraverse: [ '0.6.18' ],
297 silly audit   'next-themes': [ '0.4.6' ],
297 silly audit   'nlcst-to-string': [ '4.0.0' ],
297 silly audit   'node-fetch-native': [ '1.6.7' ],
297 silly audit   'node-mock-http': [ '1.0.4' ],
297 silly audit   'node-releases': [ '2.0.38' ],
297 silly audit   'normalize-path': [ '3.0.0' ],
297 silly audit   'nth-check': [ '2.1.1' ],
297 silly audit   'object-assign': [ '4.1.1' ],
297 silly audit   'object-is': [ '1.1.6' ],
297 silly audit   'object-keys': [ '1.1.1' ],
297 silly audit   obug: [ '2.1.1' ],
297 silly audit   ofetch: [ '1.5.1' ],
297 silly audit   ohash: [ '2.0.11' ],
297 silly audit   'oniguruma-parser': [ '0.12.2' ],
297 silly audit   'oniguruma-to-es': [ '4.3.6' ],
297 silly audit   'p-limit': [ '7.3.0' ],
297 silly audit   'p-queue': [ '9.2.0' ],
297 silly audit   'p-timeout': [ '7.0.1' ],
297 silly audit   'package-manager-detector': [ '1.6.0' ],
297 silly audit   pako: [ '2.1.0' ],
297 silly audit   parchment: [ '1.1.4' ],
297 silly audit   'parse-entities': [ '4.0.2' ],
297 silly audit   'parse-latin': [ '7.0.0' ],
297 silly audit   parse5: [ '7.3.0' ],
297 silly audit   'performance-now': [ '2.1.0' ],
297 silly audit   piccolore: [ '0.1.3' ],
297 silly audit   picocolors: [ '1.1.1' ],
297 silly audit   postcss: [ '8.5.13' ],
297 silly audit   'postcss-load-config': [ '4.0.2' ],
297 silly audit   'postcss-value-parser': [ '4.2.0' ],
297 silly audit   prismjs: [ '1.30.0' ],
297 silly audit   'prop-types': [ '15.8.1' ],
297 silly audit   'property-information': [ '7.1.0' ],
297 silly audit   'proxy-from-env': [ '2.1.0' ],
297 silly audit   quill: [ '1.3.7' ],
297 silly audit   'quill-delta': [ '3.6.3' ],
297 silly audit   radix3: [ '1.1.2' ],
297 silly audit   raf: [ '3.4.1' ],
297 silly audit   'raf-schd': [ '4.0.3' ],
297 silly audit   react: [ '19.2.5' ],
297 silly audit   'react-day-picker': [ '9.14.0' ],
297 silly audit   'react-dom': [ '19.2.5' ],
297 silly audit   'react-hook-form': [ '7.75.0' ],
297 silly audit   'react-hot-toast': [ '2.6.0' ],
297 silly audit   goober: [ '2.1.18' ],
297 silly audit   'react-is': [ '16.13.1' ],
297 silly audit   'react-leaflet': [ '5.0.0' ],
297 silly audit   'react-markdown': [ '10.1.0' ],
297 silly audit   'react-quill': [ '2.0.0' ],
297 silly audit   'react-redux': [ '9.2.0' ],
297 silly audit   'react-refresh': [ '0.18.0' ],
297 silly audit   'react-remove-scroll': [ '2.7.2' ],
297 silly audit   'react-remove-scroll-bar': [ '2.3.8' ],
297 silly audit   'react-resizable-panels': [ '4.11.0' ],
297 silly audit   'react-router': [ '7.14.2' ],
297 silly audit   'react-router-dom': [ '7.14.2' ],
297 silly audit   'react-style-singleton': [ '2.2.3' ],
297 silly audit   readdirp: [ '5.0.0', '3.6.0' ],
297 silly audit   recharts: [ '3.8.1' ],
297 silly audit   redux: [ '5.0.1' ],
297 silly audit   'redux-thunk': [ '3.1.0' ],
297 silly audit   'regenerator-runtime': [ '0.13.11' ],
297 silly audit   regex: [ '6.1.0' ],
297 silly audit   'regex-recursion': [ '6.0.2' ],
297 silly audit   'regex-utilities': [ '2.3.0' ],
297 silly audit   'regexp.prototype.flags': [ '1.5.4' ],
297 silly audit   rehype: [ '13.0.2' ],
297 silly audit   'rehype-parse': [ '9.0.1' ],
297 silly audit   'rehype-raw': [ '7.0.0' ],
297 silly audit   'rehype-stringify': [ '10.0.1' ],
297 silly audit   'remark-gfm': [ '4.0.1' ],
297 silly audit   'remark-parse': [ '11.0.0' ],
297 silly audit   'remark-rehype': [ '11.1.2' ],
297 silly audit   'remark-smartypants': [ '3.0.2' ],
297 silly audit   'remark-stringify': [ '11.0.0' ],
297 silly audit   reselect: [ '5.1.1' ],
297 silly audit   retext: [ '9.0.0' ],
297 silly audit   'retext-latin': [ '4.0.0' ],
297 silly audit   'retext-smartypants': [ '6.2.0' ],
297 silly audit   'retext-stringify': [ '4.0.0' ],
297 silly audit   rgbcolor: [ '1.0.1' ],
297 silly audit   rollup: [ '4.60.2' ],
297 silly audit   sax: [ '1.6.0' ],
297 silly audit   scheduler: [ '0.27.0' ],
297 silly audit   'set-cookie-parser': [ '2.7.2' ],
297 silly audit   'set-function-length': [ '1.2.2' ],
297 silly audit   'set-function-name': [ '2.0.2' ],
297 silly audit   sharp: [ '0.34.5' ],
297 silly audit   shiki: [ '4.0.2' ],
297 silly audit   sisteransi: [ '1.0.5' ],
297 silly audit   'smol-toml': [ '1.6.1' ],
297 silly audit   'socket.io-client': [ '4.8.3' ],
297 silly audit   'socket.io-parser': [ '4.2.6' ],
297 silly audit   sonner: [ '2.0.7' ],
297 silly audit   'source-map-js': [ '1.2.1' ],
297 silly audit   'space-separated-tokens': [ '2.0.2' ],
297 silly audit   'stackblur-canvas': [ '2.7.0' ],
297 silly audit   'stringify-entities': [ '4.0.4' ],
297 silly audit   'style-to-js': [ '1.1.21' ],
297 silly audit   'style-to-object': [ '1.0.14' ],
297 silly audit   'svg-pathdata': [ '6.0.3' ],
297 silly audit   svgo: [ '4.0.1' ],
297 silly audit   'tailwind-merge': [ '3.5.0' ],
297 silly audit   'tailwindcss-animate': [ '1.0.7' ],
297 silly audit   'text-segmentation': [ '1.0.3' ],
297 silly audit   three: [ '0.184.0' ],
297 silly audit   'tiny-inflate': [ '1.0.3' ],
297 silly audit   'tiny-invariant': [ '1.3.3' ],
297 silly audit   tinyclip: [ '0.1.12' ],
297 silly audit   tinyexec: [ '1.1.2' ],
297 silly audit   tinyglobby: [ '0.2.16' ],
297 silly audit   'trim-lines': [ '3.0.1' ],
297 silly audit   trough: [ '2.2.0' ],
297 silly audit   tsconfck: [ '3.1.6' ],
297 silly audit   tslib: [ '2.8.1' ],
297 silly audit   ufo: [ '1.6.4' ],
297 silly audit   ultrahtml: [ '1.6.0' ],
297 silly audit   uncrypto: [ '0.1.3' ],
297 silly audit   unified: [ '11.0.5' ],
297 silly audit   unifont: [ '0.7.4' ],
297 silly audit   'unist-util-find-after': [ '5.0.0' ],
297 silly audit   'unist-util-is': [ '6.0.1' ],
297 silly audit   'unist-util-modify-children': [ '4.0.0' ],
297 silly audit   'unist-util-position': [ '5.0.0' ],
297 silly audit   'unist-util-remove-position': [ '5.0.0' ],
297 silly audit   'unist-util-stringify-position': [ '4.0.0' ],
297 silly audit   'unist-util-visit': [ '5.1.0' ],
297 silly audit   'unist-util-visit-children': [ '3.0.0' ],
297 silly audit   'unist-util-visit-parents': [ '6.0.2' ],
297 silly audit   unstorage: [ '1.17.5' ],
297 silly audit   'update-browserslist-db': [ '1.2.3' ],
297 silly audit   'use-callback-ref': [ '1.3.3' ],
297 silly audit   'use-sidecar': [ '1.1.3' ],
297 silly audit   'use-sync-external-store': [ '1.6.0' ],
297 silly audit   utrie: [ '1.0.2' ],
297 silly audit   uuid: [ '13.0.1' ],
297 silly audit   vaul: [ '1.1.2' ],
297 silly audit   vfile: [ '6.0.3' ],
297 silly audit   'vfile-location': [ '5.0.3' ],
297 silly audit   'vfile-message': [ '4.0.3' ],
297 silly audit   'victory-vendor': [ '37.3.6' ],
297 silly audit   vite: [ '7.3.2' ],
297 silly audit   vitefu: [ '1.1.3' ],
297 silly audit   'web-namespaces': [ '2.0.1' ],
297 silly audit   'which-pm-runs': [ '1.1.0' ],
297 silly audit   ws: [ '8.18.3' ],
297 silly audit   'xmlhttprequest-ssl': [ '2.1.2' ],
297 silly audit   'xxhash-wasm': [ '1.1.0' ],
297 silly audit   yallist: [ '3.1.1' ],
297 silly audit   yaml: [ '2.8.4' ],
297 silly audit   'yargs-parser': [ '22.0.0' ],
297 silly audit   'yocto-queue': [ '1.2.2' ],
297 silly audit   zod: [ '4.4.2' ],
297 silly audit   zwitch: [ '2.0.4' ],
297 silly audit   tailwindcss: [ '3.4.19' ],
297 silly audit   '@alloc/quick-lru': [ '5.2.0' ],
297 silly audit   arg: [ '5.0.2' ],
297 silly audit   didyoumean: [ '1.2.2' ],
297 silly audit   'fast-glob': [ '3.3.3' ],
297 silly audit   'glob-parent': [ '6.0.2', '5.1.2' ],
297 silly audit   'is-glob': [ '4.0.3' ],
297 silly audit   jiti: [ '1.21.7' ],
297 silly audit   micromatch: [ '4.0.8' ],
297 silly audit   'object-hash': [ '3.0.0' ],
297 silly audit   'postcss-import': [ '15.1.0' ],
297 silly audit   'postcss-js': [ '4.1.0' ],
297 silly audit   'postcss-nested': [ '6.2.0' ],
297 silly audit   'postcss-selector-parser': [ '6.1.2' ],
297 silly audit   resolve: [ '1.22.12' ],
297 silly audit   sucrase: [ '3.35.1' ],
297 silly audit   '@nodelib/fs.stat': [ '2.0.5' ],
297 silly audit   '@nodelib/fs.walk': [ '1.2.8' ],
297 silly audit   merge2: [ '1.4.1' ],
297 silly audit   '@nodelib/fs.scandir': [ '2.1.5' ],
297 silly audit   fastq: [ '1.20.1' ],
297 silly audit   'run-parallel': [ '1.2.0' ],
297 silly audit   reusify: [ '1.1.0' ],
297 silly audit   'is-extglob': [ '2.1.1' ],
297 silly audit   braces: [ '3.0.3' ],
297 silly audit   'fill-range': [ '7.1.1' ],
297 silly audit   'to-regex-range': [ '5.0.1' ],
297 silly audit   'read-cache': [ '1.0.0' ],
297 silly audit   'camelcase-css': [ '2.0.1' ],
297 silly audit   cssesc: [ '3.0.0' ],
297 silly audit   'util-deprecate': [ '1.0.2' ],
297 silly audit   pify: [ '2.3.0' ],
297 silly audit   'is-core-module': [ '2.16.1' ],
297 silly audit   'path-parse': [ '1.0.7' ],
297 silly audit   'supports-preserve-symlinks-flag': [ '1.0.0' ],
297 silly audit   'queue-microtask': [ '1.2.3' ],
297 silly audit   'lines-and-columns': [ '1.2.4' ],
297 silly audit   mz: [ '2.7.0' ],
297 silly audit   pirates: [ '4.0.7' ],
297 silly audit   'ts-interface-checker': [ '0.1.13' ],
297 silly audit   'any-promise': [ '1.3.0' ],
297 silly audit   'thenify-all': [ '1.6.0' ],
297 silly audit   thenify: [ '3.3.1' ],
297 silly audit   'is-number': [ '7.0.0' ],
297 silly audit   'is-binary-path': [ '2.1.0' ],
297 silly audit   'binary-extensions': [ '2.3.0' ]
297 silly audit }
298 http cache binary-extensions@https://registry.npmjs.org/binary-extensions/-/binary-extensions-2.3.0.tgz 0ms (cache hit)
299 http cache is-binary-path@https://registry.npmjs.org/is-binary-path/-/is-binary-path-2.1.0.tgz 0ms (cache hit)
300 http cache is-number@https://registry.npmjs.org/is-number/-/is-number-7.0.0.tgz 0ms (cache hit)
301 http cache thenify@https://registry.npmjs.org/thenify/-/thenify-3.3.1.tgz 0ms (cache hit)
302 http cache thenify-all@https://registry.npmjs.org/thenify-all/-/thenify-all-1.6.0.tgz 0ms (cache hit)
303 http cache any-promise@https://registry.npmjs.org/any-promise/-/any-promise-1.3.0.tgz 0ms (cache hit)
304 http cache ts-interface-checker@https://registry.npmjs.org/ts-interface-checker/-/ts-interface-checker-0.1.13.tgz 0ms (cache hit)
305 http cache lines-and-columns@https://registry.npmjs.org/lines-and-columns/-/lines-and-columns-1.2.4.tgz 0ms (cache hit)
306 http cache pirates@https://registry.npmjs.org/pirates/-/pirates-4.0.7.tgz 0ms (cache hit)
307 http cache mz@https://registry.npmjs.org/mz/-/mz-2.7.0.tgz 0ms (cache hit)
308 http cache queue-microtask@https://registry.npmjs.org/queue-microtask/-/queue-microtask-1.2.3.tgz 0ms (cache hit)
309 http cache is-core-module@https://registry.npmjs.org/is-core-module/-/is-core-module-2.16.1.tgz 0ms (cache hit)
310 http cache path-parse@https://registry.npmjs.org/path-parse/-/path-parse-1.0.7.tgz 0ms (cache hit)
311 http cache pify@https://registry.npmjs.org/pify/-/pify-2.3.0.tgz 0ms (cache hit)
312 http cache cssesc@https://registry.npmjs.org/cssesc/-/cssesc-3.0.0.tgz 0ms (cache hit)
313 http cache util-deprecate@https://registry.npmjs.org/util-deprecate/-/util-deprecate-1.0.2.tgz 0ms (cache hit)
314 http cache camelcase-css@https://registry.npmjs.org/camelcase-css/-/camelcase-css-2.0.1.tgz 0ms (cache hit)
315 http cache to-regex-range@https://registry.npmjs.org/to-regex-range/-/to-regex-range-5.0.1.tgz 0ms (cache hit)
316 http cache read-cache@https://registry.npmjs.org/read-cache/-/read-cache-1.0.0.tgz 0ms (cache hit)
317 http cache fill-range@https://registry.npmjs.org/fill-range/-/fill-range-7.1.1.tgz 0ms (cache hit)
318 http cache supports-preserve-symlinks-flag@https://registry.npmjs.org/supports-preserve-symlinks-flag/-/supports-preserve-symlinks-flag-1.0.0.tgz 0ms (cache hit)
319 http cache braces@https://registry.npmjs.org/braces/-/braces-3.0.3.tgz 0ms (cache hit)
320 http cache is-extglob@https://registry.npmjs.org/is-extglob/-/is-extglob-2.1.1.tgz 0ms (cache hit)
321 http cache reusify@https://registry.npmjs.org/reusify/-/reusify-1.1.0.tgz 0ms (cache hit)
322 http cache fastq@https://registry.npmjs.org/fastq/-/fastq-1.20.1.tgz 0ms (cache hit)
323 http cache run-parallel@https://registry.npmjs.org/run-parallel/-/run-parallel-1.2.0.tgz 0ms (cache hit)
324 http cache @nodelib/fs.scandir@https://registry.npmjs.org/@nodelib/fs.scandir/-/fs.scandir-2.1.5.tgz 0ms (cache hit)
325 http cache merge2@https://registry.npmjs.org/merge2/-/merge2-1.4.1.tgz 0ms (cache hit)
326 http cache @nodelib/fs.walk@https://registry.npmjs.org/@nodelib/fs.walk/-/fs.walk-1.2.8.tgz 0ms (cache hit)
327 http cache @nodelib/fs.stat@https://registry.npmjs.org/@nodelib/fs.stat/-/fs.stat-2.0.5.tgz 0ms (cache hit)
328 http cache sucrase@https://registry.npmjs.org/sucrase/-/sucrase-3.35.1.tgz 0ms (cache hit)
329 http cache resolve@https://registry.npmjs.org/resolve/-/resolve-1.22.12.tgz 0ms (cache hit)
330 http cache postcss-selector-parser@https://registry.npmjs.org/postcss-selector-parser/-/postcss-selector-parser-6.1.2.tgz 0ms (cache hit)
331 http cache postcss-nested@https://registry.npmjs.org/postcss-nested/-/postcss-nested-6.2.0.tgz 0ms (cache hit)
332 http cache postcss-js@https://registry.npmjs.org/postcss-js/-/postcss-js-4.1.0.tgz 0ms (cache hit)
333 http cache postcss-import@https://registry.npmjs.org/postcss-import/-/postcss-import-15.1.0.tgz 0ms (cache hit)
334 http cache object-hash@https://registry.npmjs.org/object-hash/-/object-hash-3.0.0.tgz 0ms (cache hit)
335 http cache micromatch@https://registry.npmjs.org/micromatch/-/micromatch-4.0.8.tgz 0ms (cache hit)
336 http cache jiti@https://registry.npmjs.org/jiti/-/jiti-1.21.7.tgz 0ms (cache hit)
337 http cache is-glob@https://registry.npmjs.org/is-glob/-/is-glob-4.0.3.tgz 0ms (cache hit)
338 http cache glob-parent@https://registry.npmjs.org/glob-parent/-/glob-parent-6.0.2.tgz 0ms (cache hit)
339 http cache fast-glob@https://registry.npmjs.org/fast-glob/-/fast-glob-3.3.3.tgz 0ms (cache hit)
340 http cache didyoumean@https://registry.npmjs.org/didyoumean/-/didyoumean-1.2.2.tgz 0ms (cache hit)
341 http cache arg@https://registry.npmjs.org/arg/-/arg-5.0.2.tgz 0ms (cache hit)
342 http cache @alloc/quick-lru@https://registry.npmjs.org/@alloc/quick-lru/-/quick-lru-5.2.0.tgz 0ms (cache hit)
343 http cache tailwindcss@https://registry.npmjs.org/tailwindcss/-/tailwindcss-3.4.19.tgz 0ms (cache hit)
344 http cache commander@https://registry.npmjs.org/commander/-/commander-4.1.1.tgz 0ms (cache hit)
345 http cache picomatch@https://registry.npmjs.org/picomatch/-/picomatch-2.3.2.tgz 0ms (cache hit)
346 http cache glob-parent@https://registry.npmjs.org/glob-parent/-/glob-parent-5.1.2.tgz 0ms (cache hit)
347 http cache picomatch@https://registry.npmjs.org/picomatch/-/picomatch-2.3.2.tgz 0ms (cache hit)
348 http cache chokidar@https://registry.npmjs.org/chokidar/-/chokidar-3.6.0.tgz 0ms (cache hit)
349 http cache readdirp@https://registry.npmjs.org/readdirp/-/readdirp-3.6.0.tgz 0ms (cache hit)
350 http cache glob-parent@https://registry.npmjs.org/glob-parent/-/glob-parent-5.1.2.tgz 0ms (cache hit)
351 silly tarball no local data for is-binary-path@https://registry.npmjs.org/is-binary-path/-/is-binary-path-2.1.0.tgz. Extracting by manifest.
352 silly tarball no local data for is-number@https://registry.npmjs.org/is-number/-/is-number-7.0.0.tgz. Extracting by manifest.
353 silly tarball no local data for binary-extensions@https://registry.npmjs.org/binary-extensions/-/binary-extensions-2.3.0.tgz. Extracting by manifest.
354 silly tarball no local data for thenify@https://registry.npmjs.org/thenify/-/thenify-3.3.1.tgz. Extracting by manifest.
355 silly tarball no local data for thenify-all@https://registry.npmjs.org/thenify-all/-/thenify-all-1.6.0.tgz. Extracting by manifest.
356 silly tarball no local data for any-promise@https://registry.npmjs.org/any-promise/-/any-promise-1.3.0.tgz. Extracting by manifest.
357 silly tarball no local data for ts-interface-checker@https://registry.npmjs.org/ts-interface-checker/-/ts-interface-checker-0.1.13.tgz. Extracting by manifest.
358 silly tarball no local data for lines-and-columns@https://registry.npmjs.org/lines-and-columns/-/lines-and-columns-1.2.4.tgz. Extracting by manifest.
359 silly tarball no local data for pirates@https://registry.npmjs.org/pirates/-/pirates-4.0.7.tgz. Extracting by manifest.
360 silly tarball no local data for mz@https://registry.npmjs.org/mz/-/mz-2.7.0.tgz. Extracting by manifest.
361 silly tarball no local data for queue-microtask@https://registry.npmjs.org/queue-microtask/-/queue-microtask-1.2.3.tgz. Extracting by manifest.
362 silly tarball no local data for is-core-module@https://registry.npmjs.org/is-core-module/-/is-core-module-2.16.1.tgz. Extracting by manifest.
363 silly tarball no local data for path-parse@https://registry.npmjs.org/path-parse/-/path-parse-1.0.7.tgz. Extracting by manifest.
364 silly tarball no local data for pify@https://registry.npmjs.org/pify/-/pify-2.3.0.tgz. Extracting by manifest.
365 silly tarball no local data for cssesc@https://registry.npmjs.org/cssesc/-/cssesc-3.0.0.tgz. Extracting by manifest.
366 silly tarball no local data for util-deprecate@https://registry.npmjs.org/util-deprecate/-/util-deprecate-1.0.2.tgz. Extracting by manifest.
367 silly tarball no local data for camelcase-css@https://registry.npmjs.org/camelcase-css/-/camelcase-css-2.0.1.tgz. Extracting by manifest.
368 silly tarball no local data for to-regex-range@https://registry.npmjs.org/to-regex-range/-/to-regex-range-5.0.1.tgz. Extracting by manifest.
369 silly tarball no local data for read-cache@https://registry.npmjs.org/read-cache/-/read-cache-1.0.0.tgz. Extracting by manifest.
370 silly tarball no local data for fill-range@https://registry.npmjs.org/fill-range/-/fill-range-7.1.1.tgz. Extracting by manifest.
371 silly tarball no local data for supports-preserve-symlinks-flag@https://registry.npmjs.org/supports-preserve-symlinks-flag/-/supports-preserve-symlinks-flag-1.0.0.tgz. Extracting by manifest.
372 silly tarball no local data for braces@https://registry.npmjs.org/braces/-/braces-3.0.3.tgz. Extracting by manifest.
373 silly tarball no local data for is-extglob@https://registry.npmjs.org/is-extglob/-/is-extglob-2.1.1.tgz. Extracting by manifest.
374 silly tarball no local data for reusify@https://registry.npmjs.org/reusify/-/reusify-1.1.0.tgz. Extracting by manifest.
375 silly tarball no local data for fastq@https://registry.npmjs.org/fastq/-/fastq-1.20.1.tgz. Extracting by manifest.
376 silly tarball no local data for run-parallel@https://registry.npmjs.org/run-parallel/-/run-parallel-1.2.0.tgz. Extracting by manifest.
377 silly tarball no local data for @nodelib/fs.scandir@https://registry.npmjs.org/@nodelib/fs.scandir/-/fs.scandir-2.1.5.tgz. Extracting by manifest.
378 silly tarball no local data for merge2@https://registry.npmjs.org/merge2/-/merge2-1.4.1.tgz. Extracting by manifest.
379 silly tarball no local data for @nodelib/fs.walk@https://registry.npmjs.org/@nodelib/fs.walk/-/fs.walk-1.2.8.tgz. Extracting by manifest.
380 silly tarball no local data for @nodelib/fs.stat@https://registry.npmjs.org/@nodelib/fs.stat/-/fs.stat-2.0.5.tgz. Extracting by manifest.
381 silly tarball no local data for sucrase@https://registry.npmjs.org/sucrase/-/sucrase-3.35.1.tgz. Extracting by manifest.
382 silly tarball no local data for resolve@https://registry.npmjs.org/resolve/-/resolve-1.22.12.tgz. Extracting by manifest.
383 silly tarball no local data for postcss-selector-parser@https://registry.npmjs.org/postcss-selector-parser/-/postcss-selector-parser-6.1.2.tgz. Extracting by manifest.
384 silly tarball no local data for postcss-js@https://registry.npmjs.org/postcss-js/-/postcss-js-4.1.0.tgz. Extracting by manifest.
385 silly tarball no local data for postcss-nested@https://registry.npmjs.org/postcss-nested/-/postcss-nested-6.2.0.tgz. Extracting by manifest.
386 silly tarball no local data for postcss-import@https://registry.npmjs.org/postcss-import/-/postcss-import-15.1.0.tgz. Extracting by manifest.
387 silly tarball no local data for object-hash@https://registry.npmjs.org/object-hash/-/object-hash-3.0.0.tgz. Extracting by manifest.
388 silly tarball no local data for micromatch@https://registry.npmjs.org/micromatch/-/micromatch-4.0.8.tgz. Extracting by manifest.
389 silly tarball no local data for jiti@https://registry.npmjs.org/jiti/-/jiti-1.21.7.tgz. Extracting by manifest.
390 silly tarball no local data for is-glob@https://registry.npmjs.org/is-glob/-/is-glob-4.0.3.tgz. Extracting by manifest.
391 silly tarball no local data for glob-parent@https://registry.npmjs.org/glob-parent/-/glob-parent-6.0.2.tgz. Extracting by manifest.
392 silly tarball no local data for didyoumean@https://registry.npmjs.org/didyoumean/-/didyoumean-1.2.2.tgz. Extracting by manifest.
393 silly tarball no local data for fast-glob@https://registry.npmjs.org/fast-glob/-/fast-glob-3.3.3.tgz. Extracting by manifest.
394 silly tarball no local data for arg@https://registry.npmjs.org/arg/-/arg-5.0.2.tgz. Extracting by manifest.
395 silly tarball no local data for @alloc/quick-lru@https://registry.npmjs.org/@alloc/quick-lru/-/quick-lru-5.2.0.tgz. Extracting by manifest.
396 silly tarball no local data for tailwindcss@https://registry.npmjs.org/tailwindcss/-/tailwindcss-3.4.19.tgz. Extracting by manifest.
397 silly tarball no local data for commander@https://registry.npmjs.org/commander/-/commander-4.1.1.tgz. Extracting by manifest.
398 silly tarball no local data for glob-parent@https://registry.npmjs.org/glob-parent/-/glob-parent-5.1.2.tgz. Extracting by manifest.
399 silly tarball no local data for chokidar@https://registry.npmjs.org/chokidar/-/chokidar-3.6.0.tgz. Extracting by manifest.
400 silly tarball no local data for glob-parent@https://registry.npmjs.org/glob-parent/-/glob-parent-5.1.2.tgz. Extracting by manifest.
401 silly tarball no local data for readdirp@https://registry.npmjs.org/readdirp/-/readdirp-3.6.0.tgz. Extracting by manifest.
402 http fetch GET 200 https://registry.npmjs.org/binary-extensions/-/binary-extensions-2.3.0.tgz 112ms (cache miss)
403 http fetch GET 200 https://registry.npmjs.org/is-binary-path/-/is-binary-path-2.1.0.tgz 113ms (cache miss)
404 http fetch GET 200 https://registry.npmjs.org/thenify/-/thenify-3.3.1.tgz 117ms (cache miss)
405 http fetch GET 200 https://registry.npmjs.org/is-number/-/is-number-7.0.0.tgz 120ms (cache miss)
406 http fetch GET 200 https://registry.npmjs.org/thenify-all/-/thenify-all-1.6.0.tgz 121ms (cache miss)
407 http fetch GET 200 https://registry.npmjs.org/pirates/-/pirates-4.0.7.tgz 120ms (cache miss)
408 http fetch GET 200 https://registry.npmjs.org/mz/-/mz-2.7.0.tgz 129ms (cache miss)
409 http fetch GET 200 https://registry.npmjs.org/lines-and-columns/-/lines-and-columns-1.2.4.tgz 131ms (cache miss)
410 http fetch GET 200 https://registry.npmjs.org/util-deprecate/-/util-deprecate-1.0.2.tgz 130ms (cache miss)
411 http fetch GET 200 https://registry.npmjs.org/cssesc/-/cssesc-3.0.0.tgz 132ms (cache miss)
412 http fetch GET 200 https://registry.npmjs.org/read-cache/-/read-cache-1.0.0.tgz 132ms (cache miss)
413 http fetch GET 200 https://registry.npmjs.org/fill-range/-/fill-range-7.1.1.tgz 134ms (cache miss)
414 http fetch GET 200 https://registry.npmjs.org/camelcase-css/-/camelcase-css-2.0.1.tgz 136ms (cache miss)
415 http fetch GET 200 https://registry.npmjs.org/to-regex-range/-/to-regex-range-5.0.1.tgz 158ms (cache miss)
416 http fetch GET 200 https://registry.npmjs.org/supports-preserve-symlinks-flag/-/supports-preserve-symlinks-flag-1.0.0.tgz 163ms (cache miss)
417 http fetch GET 200 https://registry.npmjs.org/is-extglob/-/is-extglob-2.1.1.tgz 163ms (cache miss)
418 http fetch GET 200 https://registry.npmjs.org/run-parallel/-/run-parallel-1.2.0.tgz 164ms (cache miss)
419 http fetch GET 200 https://registry.npmjs.org/path-parse/-/path-parse-1.0.7.tgz 177ms (cache miss)
420 http fetch GET 200 https://registry.npmjs.org/merge2/-/merge2-1.4.1.tgz 170ms (cache miss)
421 http fetch GET 200 https://registry.npmjs.org/ts-interface-checker/-/ts-interface-checker-0.1.13.tgz 182ms (cache miss)
422 http fetch GET 200 https://registry.npmjs.org/queue-microtask/-/queue-microtask-1.2.3.tgz 186ms (cache miss)
423 http fetch GET 200 https://registry.npmjs.org/reusify/-/reusify-1.1.0.tgz 189ms (cache miss)
424 http fetch GET 200 https://registry.npmjs.org/braces/-/braces-3.0.3.tgz 201ms (cache miss)
425 http fetch GET 200 https://registry.npmjs.org/postcss-js/-/postcss-js-4.1.0.tgz 196ms (cache miss)
426 http fetch GET 200 https://registry.npmjs.org/postcss-nested/-/postcss-nested-6.2.0.tgz 200ms (cache miss)
427 http fetch GET 200 https://registry.npmjs.org/fastq/-/fastq-1.20.1.tgz 205ms (cache miss)
428 http fetch GET 200 https://registry.npmjs.org/pify/-/pify-2.3.0.tgz 211ms (cache miss)
429 http fetch GET 200 https://registry.npmjs.org/is-core-module/-/is-core-module-2.16.1.tgz 214ms (cache miss)
430 http fetch GET 200 https://registry.npmjs.org/glob-parent/-/glob-parent-6.0.2.tgz 211ms (cache miss)
431 http fetch GET 200 https://registry.npmjs.org/is-glob/-/is-glob-4.0.3.tgz 215ms (cache miss)
432 http fetch GET 200 https://registry.npmjs.org/object-hash/-/object-hash-3.0.0.tgz 219ms (cache miss)
433 http fetch GET 200 https://registry.npmjs.org/micromatch/-/micromatch-4.0.8.tgz 218ms (cache miss)
434 http fetch GET 200 https://registry.npmjs.org/didyoumean/-/didyoumean-1.2.2.tgz 217ms (cache miss)
435 http fetch GET 200 https://registry.npmjs.org/arg/-/arg-5.0.2.tgz 227ms (cache miss)
436 http fetch GET 200 https://registry.npmjs.org/glob-parent/-/glob-parent-5.1.2.tgz 233ms (cache miss)
437 http fetch GET 200 https://registry.npmjs.org/readdirp/-/readdirp-3.6.0.tgz 232ms (cache miss)
438 http fetch GET 200 https://registry.npmjs.org/@alloc/quick-lru/-/quick-lru-5.2.0.tgz 237ms (cache miss)
439 http fetch GET 200 https://registry.npmjs.org/glob-parent/-/glob-parent-5.1.2.tgz 236ms (cache miss)
440 http fetch GET 200 https://registry.npmjs.org/commander/-/commander-4.1.1.tgz 238ms (cache miss)
441 http fetch POST 200 https://registry.npmjs.org/-/npm/v1/security/advisories/bulk 295ms
442 silly audit report {
442 silly audit report   quill: [
442 silly audit report     {
442 silly audit report       id: 1098574,
442 silly audit report       url: 'https://github.com/advisories/GHSA-4943-9vgg-gr5r',
442 silly audit report       title: 'Cross-site Scripting in quill',
442 silly audit report       severity: 'moderate',
442 silly audit report       vulnerable_versions: '<=1.3.7',
442 silly audit report       cwe: [Array],
442 silly audit report       cvss: [Object]
442 silly audit report     }
442 silly audit report   ],
442 silly audit report   uuid: [
442 silly audit report     {
442 silly audit report       id: 1116970,
442 silly audit report       url: 'https://github.com/advisories/GHSA-w5hq-g745-h8pq',
442 silly audit report       title: 'uuid: Missing buffer bounds check in v3/v5/v6 when buf is provided',
442 silly audit report       severity: 'moderate',
442 silly audit report       vulnerable_versions: '<14.0.0',
442 silly audit report       cwe: [Array],
442 silly audit report       cvss: [Object]
442 silly audit report     }
442 silly audit report   ]
442 silly audit report }
443 silly packumentCache corgi:https://registry.npmjs.org/quill cache-miss
444 silly packumentCache corgi:https://registry.npmjs.org/uuid cache-miss
445 http fetch GET 200 https://registry.npmjs.org/postcss-import/-/postcss-import-15.1.0.tgz 259ms (cache miss)
446 http fetch GET 200 https://registry.npmjs.org/chokidar/-/chokidar-3.6.0.tgz 256ms (cache miss)
447 http fetch GET 200 https://registry.npmjs.org/any-promise/-/any-promise-1.3.0.tgz 278ms (cache miss)
448 http fetch GET 200 https://registry.npmjs.org/@nodelib/fs.stat/-/fs.stat-2.0.5.tgz 268ms (cache miss)
449 http fetch GET 200 https://registry.npmjs.org/@nodelib/fs.scandir/-/fs.scandir-2.1.5.tgz 286ms (cache miss)
450 http fetch GET 200 https://registry.npmjs.org/@nodelib/fs.walk/-/fs.walk-1.2.8.tgz 302ms (cache miss)
451 http fetch GET 200 https://registry.npmjs.org/postcss-selector-parser/-/postcss-selector-parser-6.1.2.tgz 333ms (cache miss)
452 http fetch GET 200 https://registry.npmjs.org/quill 104ms (cache revalidated)
453 silly packumentCache corgi:https://registry.npmjs.org/quill set size:153675 disposed:false
454 http fetch GET 200 https://registry.npmjs.org/uuid 108ms (cache revalidated)
455 silly packumentCache corgi:https://registry.npmjs.org/uuid set size:80515 disposed:false
456 silly packumentCache corgi:https://registry.npmjs.org/react-quill cache-miss
457 http fetch GET 200 https://registry.npmjs.org/fast-glob/-/fast-glob-3.3.3.tgz 366ms (cache miss)
458 http fetch GET 200 https://registry.npmjs.org/jiti/-/jiti-1.21.7.tgz 378ms (cache miss)
459 http fetch GET 200 https://registry.npmjs.org/react-quill 80ms (cache revalidated)
460 silly packumentCache corgi:https://registry.npmjs.org/react-quill set size:63338 disposed:false
461 silly packumentCache corgi:https://registry.npmjs.org/@base44%2fsdk cache-miss
462 http fetch GET 200 https://registry.npmjs.org/resolve/-/resolve-1.22.12.tgz 477ms (cache miss)
463 http fetch GET 200 https://registry.npmjs.org/sucrase/-/sucrase-3.35.1.tgz 591ms (cache miss)
464 http fetch GET 200 https://registry.npmjs.org/tailwindcss/-/tailwindcss-3.4.19.tgz 602ms (cache miss)
465 http fetch GET 200 https://registry.npmjs.org/@base44%2fsdk 479ms (cache revalidated)
466 silly packumentCache corgi:https://registry.npmjs.org/@base44%2fsdk set size:44884 disposed:false
467 silly ADD node_modules/binary-extensions
468 silly ADD node_modules/is-binary-path
469 silly ADD node_modules/is-number
470 silly ADD node_modules/thenify
471 silly ADD node_modules/thenify-all
472 silly ADD node_modules/any-promise
473 silly ADD node_modules/ts-interface-checker
474 silly ADD node_modules/pirates
475 silly ADD node_modules/mz
476 silly ADD node_modules/lines-and-columns
477 silly ADD node_modules/queue-microtask
478 silly ADD node_modules/supports-preserve-symlinks-flag
479 silly ADD node_modules/path-parse
480 silly ADD node_modules/is-core-module
481 silly ADD node_modules/pify
482 silly ADD node_modules/util-deprecate
483 silly ADD node_modules/cssesc
484 silly ADD node_modules/camelcase-css
485 silly ADD node_modules/read-cache
486 silly ADD node_modules/to-regex-range
487 silly ADD node_modules/fill-range
488 silly ADD node_modules/braces
489 silly ADD node_modules/is-extglob
490 silly ADD node_modules/reusify
491 silly ADD node_modules/run-parallel
492 silly ADD node_modules/fastq
493 silly ADD node_modules/@nodelib/fs.scandir
494 silly ADD node_modules/merge2
495 silly ADD node_modules/@nodelib/fs.walk
496 silly ADD node_modules/@nodelib/fs.stat
497 silly ADD node_modules/sucrase
498 silly ADD node_modules/sucrase/node_modules/commander
499 silly ADD node_modules/resolve
500 silly ADD node_modules/postcss-selector-parser
501 silly ADD node_modules/postcss-nested
502 silly ADD node_modules/postcss-js
503 silly ADD node_modules/postcss-import
504 silly ADD node_modules/object-hash
505 silly ADD node_modules/micromatch
506 silly ADD node_modules/micromatch/node_modules/picomatch
507 silly ADD node_modules/jiti
508 silly ADD node_modules/is-glob
509 silly ADD node_modules/glob-parent
510 silly ADD node_modules/fast-glob
511 silly ADD node_modules/fast-glob/node_modules/glob-parent
512 silly ADD node_modules/didyoumean
513 silly ADD node_modules/arg
514 silly ADD node_modules/@alloc/quick-lru
515 silly CHANGE node_modules/tailwindcss
516 silly ADD node_modules/tailwindcss/node_modules/picomatch
517 silly ADD node_modules/tailwindcss/node_modules/readdirp
518 silly ADD node_modules/tailwindcss/node_modules/chokidar
519 silly ADD node_modules/tailwindcss/node_modules/chokidar/node_modules/glob-parent
520 verbose cwd /Users/anatoly/Sites/bitcode/villa-ramann2
521 verbose os Darwin 25.2.0
522 verbose node v25.2.1
523 verbose npm  v11.6.2
524 verbose exit 0
525 info ok
