0 verbose cli /usr/local/bin/node /usr/local/bin/npm
1 info using npm@11.6.2
2 info using node@v25.2.1
3 silly config load:file:/usr/local/lib/node_modules/npm/npmrc
4 silly config load:file:/Users/anatoly/Sites/bitcode/villa-ramann2/.npmrc
5 silly config load:file:/Users/anatoly/.npmrc
6 silly config load:file:/usr/local/etc/npmrc
7 verbose title npm install @types/react @types/react-dom autoprefixer postcss tailwindcss
8 verbose argv "install" "--save-dev" "@types/react" "@types/react-dom" "autoprefixer" "postcss" "tailwindcss" "--legacy-peer-deps" "--cache" ".npm-cache"
9 verbose logfile logs-max:10 dir:/Users/anatoly/Sites/bitcode/villa-ramann2/.npm-cache/_logs/2026-05-03T13_40_25_034Z-
10 verbose logfile /Users/anatoly/Sites/bitcode/villa-ramann2/.npm-cache/_logs/2026-05-03T13_40_25_034Z-debug-0.log
11 silly logfile done cleaning log files
12 silly packumentCache heap:4496293888 maxSize:1124073472 maxEntrySize:562036736
13 silly idealTree buildDeps
14 silly fetch manifest @types/react@*
15 silly packumentCache full:https://registry.npmjs.org/@types%2freact cache-miss
16 verbose shrinkwrap failed to load node_modules/.package-lock.json out of date, updated: node_modules/@base44
17 http fetch GET 200 https://registry.npmjs.org/@types%2freact 666ms (cache miss)
18 silly packumentCache full:https://registry.npmjs.org/@types%2freact set size:undefined disposed:false
19 silly fetch manifest @types/react-dom@*
20 silly packumentCache full:https://registry.npmjs.org/@types%2freact-dom cache-miss
21 http fetch GET 200 https://registry.npmjs.org/@types%2freact-dom 48ms (cache miss)
22 silly packumentCache full:https://registry.npmjs.org/@types%2freact-dom set size:undefined disposed:false
23 silly fetch manifest autoprefixer@*
24 silly packumentCache full:https://registry.npmjs.org/autoprefixer cache-miss
25 http cache https://registry.npmjs.org/autoprefixer 14ms (cache hit)
26 silly packumentCache full:https://registry.npmjs.org/autoprefixer set size:1319426 disposed:false
27 silly fetch manifest postcss@*
28 silly packumentCache full:https://registry.npmjs.org/postcss cache-miss
29 http cache https://registry.npmjs.org/postcss 9ms (cache hit)
30 silly packumentCache full:https://registry.npmjs.org/postcss set size:717287 disposed:false
31 silly fetch manifest tailwindcss@*
32 silly packumentCache full:https://registry.npmjs.org/tailwindcss cache-miss
33 http fetch GET 200 https://registry.npmjs.org/tailwindcss 240ms (cache miss)
34 silly packumentCache full:https://registry.npmjs.org/tailwindcss set size:undefined disposed:false
35 silly placeDep ROOT @types/react@19.2.14 OK for: users-anatoly-sites-bitcode-villa-ramann2@0.0.1 want: *
36 silly placeDep ROOT @types/react-dom@19.2.3 OK for: users-anatoly-sites-bitcode-villa-ramann2@0.0.1 want: *
37 silly placeDep ROOT autoprefixer@10.5.0 REPLACE for: users-anatoly-sites-bitcode-villa-ramann2@0.0.1 want: *
38 silly placeDep ROOT postcss@8.5.13 REPLACE for: users-anatoly-sites-bitcode-villa-ramann2@0.0.1 want: *
39 silly placeDep ROOT tailwindcss@4.2.4 OK for: users-anatoly-sites-bitcode-villa-ramann2@0.0.1 want: *
40 silly reify moves {}
41 silly audit bulk request {
41 silly audit   '@astrojs/compiler': [ '4.0.0' ],
41 silly audit   '@astrojs/internal-helpers': [ '0.9.0' ],
41 silly audit   '@astrojs/markdown-remark': [ '7.1.1' ],
41 silly audit   '@astrojs/prism': [ '4.0.1' ],
41 silly audit   '@astrojs/react': [ '5.0.4' ],
41 silly audit   '@astrojs/tailwind': [ '6.0.2' ],
41 silly audit   '@astrojs/telemetry': [ '3.3.1' ],
41 silly audit   '@babel/code-frame': [ '7.29.0' ],
41 silly audit   '@babel/compat-data': [ '7.29.3' ],
41 silly audit   '@babel/core': [ '7.29.0' ],
41 silly audit   '@babel/generator': [ '7.29.1' ],
41 silly audit   '@babel/helper-compilation-targets': [ '7.28.6' ],
41 silly audit   '@babel/helper-globals': [ '7.28.0' ],
41 silly audit   '@babel/helper-module-imports': [ '7.28.6' ],
41 silly audit   '@babel/helper-module-transforms': [ '7.28.6' ],
41 silly audit   '@babel/helper-plugin-utils': [ '7.28.6' ],
41 silly audit   '@babel/helper-string-parser': [ '7.27.1' ],
41 silly audit   '@babel/helper-validator-identifier': [ '7.28.5' ],
41 silly audit   '@babel/helper-validator-option': [ '7.27.1' ],
41 silly audit   '@babel/helpers': [ '7.29.2' ],
41 silly audit   '@babel/parser': [ '7.29.3' ],
41 silly audit   '@babel/plugin-transform-react-jsx-self': [ '7.27.1' ],
41 silly audit   '@babel/plugin-transform-react-jsx-source': [ '7.27.1' ],
41 silly audit   '@babel/runtime': [ '7.29.2' ],
41 silly audit   '@babel/template': [ '7.28.6' ],
41 silly audit   '@babel/traverse': [ '7.29.0' ],
41 silly audit   '@babel/types': [ '7.29.0' ],
41 silly audit   '@base44/sdk': [ '0.8.27' ],
41 silly audit   '@base44/vite-plugin': [ '1.0.13' ],
41 silly audit   '@capsizecss/unpack': [ '4.0.0' ],
41 silly audit   '@clack/core': [ '1.3.0' ],
41 silly audit   '@clack/prompts': [ '1.3.0' ],
41 silly audit   '@date-fns/tz': [ '1.4.1' ],
41 silly audit   '@emnapi/runtime': [ '1.10.0' ],
41 silly audit   '@esbuild/aix-ppc64': [ '0.27.7' ],
41 silly audit   '@esbuild/android-arm': [ '0.27.7' ],
41 silly audit   '@esbuild/android-arm64': [ '0.27.7' ],
41 silly audit   '@esbuild/android-x64': [ '0.27.7' ],
41 silly audit   '@esbuild/darwin-arm64': [ '0.27.7' ],
41 silly audit   '@esbuild/darwin-x64': [ '0.27.7' ],
41 silly audit   '@esbuild/freebsd-arm64': [ '0.27.7' ],
41 silly audit   '@esbuild/freebsd-x64': [ '0.27.7' ],
41 silly audit   '@esbuild/linux-arm': [ '0.27.7' ],
41 silly audit   '@esbuild/linux-arm64': [ '0.27.7' ],
41 silly audit   '@esbuild/linux-ia32': [ '0.27.7' ],
41 silly audit   '@esbuild/linux-loong64': [ '0.27.7' ],
41 silly audit   '@esbuild/linux-mips64el': [ '0.27.7' ],
41 silly audit   '@esbuild/linux-ppc64': [ '0.27.7' ],
41 silly audit   '@esbuild/linux-riscv64': [ '0.27.7' ],
41 silly audit   '@esbuild/linux-s390x': [ '0.27.7' ],
41 silly audit   '@esbuild/linux-x64': [ '0.27.7' ],
41 silly audit   '@esbuild/netbsd-arm64': [ '0.27.7' ],
41 silly audit   '@esbuild/netbsd-x64': [ '0.27.7' ],
41 silly audit   '@esbuild/openbsd-arm64': [ '0.27.7' ],
41 silly audit   '@esbuild/openbsd-x64': [ '0.27.7' ],
41 silly audit   '@esbuild/openharmony-arm64': [ '0.27.7' ],
41 silly audit   '@esbuild/sunos-x64': [ '0.27.7' ],
41 silly audit   '@esbuild/win32-arm64': [ '0.27.7' ],
41 silly audit   '@esbuild/win32-ia32': [ '0.27.7' ],
41 silly audit   '@esbuild/win32-x64': [ '0.27.7' ],
41 silly audit   '@floating-ui/core': [ '1.7.5' ],
41 silly audit   '@floating-ui/dom': [ '1.7.6' ],
41 silly audit   '@floating-ui/react-dom': [ '2.1.8' ],
41 silly audit   '@floating-ui/utils': [ '0.2.11' ],
41 silly audit   '@hello-pangea/dnd': [ '18.0.1' ],
41 silly audit   '@hookform/resolvers': [ '5.2.2' ],
41 silly audit   '@img/colour': [ '1.1.0' ],
41 silly audit   '@img/sharp-darwin-arm64': [ '0.34.5' ],
41 silly audit   '@img/sharp-darwin-x64': [ '0.34.5' ],
41 silly audit   '@img/sharp-libvips-darwin-arm64': [ '1.2.4' ],
41 silly audit   '@img/sharp-libvips-darwin-x64': [ '1.2.4' ],
41 silly audit   '@img/sharp-libvips-linux-arm': [ '1.2.4' ],
41 silly audit   '@img/sharp-libvips-linux-arm64': [ '1.2.4' ],
41 silly audit   '@img/sharp-libvips-linux-ppc64': [ '1.2.4' ],
41 silly audit   '@img/sharp-libvips-linux-riscv64': [ '1.2.4' ],
41 silly audit   '@img/sharp-libvips-linux-s390x': [ '1.2.4' ],
41 silly audit   '@img/sharp-libvips-linux-x64': [ '1.2.4' ],
41 silly audit   '@img/sharp-libvips-linuxmusl-arm64': [ '1.2.4' ],
41 silly audit   '@img/sharp-libvips-linuxmusl-x64': [ '1.2.4' ],
41 silly audit   '@img/sharp-linux-arm': [ '0.34.5' ],
41 silly audit   '@img/sharp-linux-arm64': [ '0.34.5' ],
41 silly audit   '@img/sharp-linux-ppc64': [ '0.34.5' ],
41 silly audit   '@img/sharp-linux-riscv64': [ '0.34.5' ],
41 silly audit   '@img/sharp-linux-s390x': [ '0.34.5' ],
41 silly audit   '@img/sharp-linux-x64': [ '0.34.5' ],
41 silly audit   '@img/sharp-linuxmusl-arm64': [ '0.34.5' ],
41 silly audit   '@img/sharp-linuxmusl-x64': [ '0.34.5' ],
41 silly audit   '@img/sharp-wasm32': [ '0.34.5' ],
41 silly audit   '@img/sharp-win32-arm64': [ '0.34.5' ],
41 silly audit   '@img/sharp-win32-ia32': [ '0.34.5' ],
41 silly audit   '@img/sharp-win32-x64': [ '0.34.5' ],
41 silly audit   '@jridgewell/gen-mapping': [ '0.3.13' ],
41 silly audit   '@jridgewell/remapping': [ '2.3.5' ],
41 silly audit   '@jridgewell/resolve-uri': [ '3.1.2' ],
41 silly audit   '@jridgewell/sourcemap-codec': [ '1.5.5' ],
41 silly audit   '@jridgewell/trace-mapping': [ '0.3.31' ],
41 silly audit   '@oslojs/encoding': [ '1.1.0' ],
41 silly audit   '@radix-ui/number': [ '1.1.1' ],
41 silly audit   '@radix-ui/primitive': [ '1.1.3' ],
41 silly audit   '@radix-ui/react-accordion': [ '1.2.12' ],
41 silly audit   '@radix-ui/react-alert-dialog': [ '1.1.15' ],
41 silly audit   '@radix-ui/react-slot': [ '1.2.3', '1.2.4' ],
41 silly audit   '@radix-ui/react-arrow': [ '1.1.7' ],
41 silly audit   '@radix-ui/react-aspect-ratio': [ '1.1.8' ],
41 silly audit   '@radix-ui/react-primitive': [ '2.1.4', '2.1.3' ],
41 silly audit   '@radix-ui/react-avatar': [ '1.1.11' ],
41 silly audit   '@radix-ui/react-context': [ '1.1.3', '1.1.2' ],
41 silly audit   '@radix-ui/react-checkbox': [ '1.3.3' ],
41 silly audit   '@radix-ui/react-collapsible': [ '1.1.12' ],
41 silly audit   '@radix-ui/react-collection': [ '1.1.7' ],
41 silly audit   '@radix-ui/react-compose-refs': [ '1.1.2' ],
41 silly audit   '@radix-ui/react-context-menu': [ '2.2.16' ],
41 silly audit   '@radix-ui/react-dialog': [ '1.1.15' ],
41 silly audit   '@radix-ui/react-direction': [ '1.1.1' ],
41 silly audit   '@radix-ui/react-dismissable-layer': [ '1.1.11' ],
41 silly audit   '@radix-ui/react-dropdown-menu': [ '2.1.16' ],
41 silly audit   '@radix-ui/react-focus-guards': [ '1.1.3' ],
41 silly audit   '@radix-ui/react-focus-scope': [ '1.1.7' ],
41 silly audit   '@radix-ui/react-hover-card': [ '1.1.15' ],
41 silly audit   '@radix-ui/react-id': [ '1.1.1' ],
41 silly audit   '@radix-ui/react-label': [ '2.1.8' ],
41 silly audit   '@radix-ui/react-menu': [ '2.1.16' ],
41 silly audit   '@radix-ui/react-menubar': [ '1.1.16' ],
41 silly audit   '@radix-ui/react-navigation-menu': [ '1.2.14' ],
41 silly audit   '@radix-ui/react-popover': [ '1.1.15' ],
41 silly audit   '@radix-ui/react-popper': [ '1.2.8' ],
41 silly audit   '@radix-ui/react-portal': [ '1.1.9' ],
41 silly audit   '@radix-ui/react-presence': [ '1.1.5' ],
41 silly audit   '@radix-ui/react-progress': [ '1.1.8' ],
41 silly audit   '@radix-ui/react-radio-group': [ '1.3.8' ],
41 silly audit   '@radix-ui/react-roving-focus': [ '1.1.11' ],
41 silly audit   '@radix-ui/react-scroll-area': [ '1.2.10' ],
41 silly audit   '@radix-ui/react-select': [ '2.2.6' ],
41 silly audit   '@radix-ui/react-separator': [ '1.1.8' ],
41 silly audit   '@radix-ui/react-slider': [ '1.3.6' ],
41 silly audit   '@radix-ui/react-switch': [ '1.2.6' ],
41 silly audit   '@radix-ui/react-tabs': [ '1.1.13' ],
41 silly audit   '@radix-ui/react-toast': [ '1.2.15' ],
41 silly audit   '@radix-ui/react-toggle': [ '1.1.10' ],
41 silly audit   '@radix-ui/react-toggle-group': [ '1.1.11' ],
41 silly audit   '@radix-ui/react-tooltip': [ '1.2.8' ],
41 silly audit   '@radix-ui/react-use-callback-ref': [ '1.1.1' ],
41 silly audit   '@radix-ui/react-use-controllable-state': [ '1.2.2' ],
41 silly audit   '@radix-ui/react-use-effect-event': [ '0.0.2' ],
41 silly audit   '@radix-ui/react-use-escape-keydown': [ '1.1.1' ],
41 silly audit   '@radix-ui/react-use-is-hydrated': [ '0.1.0' ],
41 silly audit   '@radix-ui/react-use-layout-effect': [ '1.1.1' ],
41 silly audit   '@radix-ui/react-use-previous': [ '1.1.1' ],
41 silly audit   '@radix-ui/react-use-rect': [ '1.1.1' ],
41 silly audit   '@radix-ui/react-use-size': [ '1.1.1' ],
41 silly audit   '@radix-ui/react-visually-hidden': [ '1.2.3' ],
41 silly audit   '@radix-ui/rect': [ '1.1.1' ],
41 silly audit   '@react-leaflet/core': [ '3.0.0' ],
41 silly audit   '@reduxjs/toolkit': [ '2.11.2' ],
41 silly audit   immer: [ '11.1.4', '10.2.0' ],
41 silly audit   '@rolldown/pluginutils': [ '1.0.0-rc.3' ],
41 silly audit   '@rollup/pluginutils': [ '5.3.0' ],
41 silly audit   '@rollup/rollup-android-arm-eabi': [ '4.60.2' ],
41 silly audit   '@rollup/rollup-android-arm64': [ '4.60.2' ],
41 silly audit   '@rollup/rollup-darwin-arm64': [ '4.60.2' ],
41 silly audit   '@rollup/rollup-darwin-x64': [ '4.60.2' ],
41 silly audit   '@rollup/rollup-freebsd-arm64': [ '4.60.2' ],
41 silly audit   '@rollup/rollup-freebsd-x64': [ '4.60.2' ],
41 silly audit   '@rollup/rollup-linux-arm-gnueabihf': [ '4.60.2' ],
41 silly audit   '@rollup/rollup-linux-arm-musleabihf': [ '4.60.2' ],
41 silly audit   '@rollup/rollup-linux-arm64-gnu': [ '4.60.2' ],
41 silly audit   '@rollup/rollup-linux-arm64-musl': [ '4.60.2' ],
41 silly audit   '@rollup/rollup-linux-loong64-gnu': [ '4.60.2' ],
41 silly audit   '@rollup/rollup-linux-loong64-musl': [ '4.60.2' ],
41 silly audit   '@rollup/rollup-linux-ppc64-gnu': [ '4.60.2' ],
41 silly audit   '@rollup/rollup-linux-ppc64-musl': [ '4.60.2' ],
41 silly audit   '@rollup/rollup-linux-riscv64-gnu': [ '4.60.2' ],
41 silly audit   '@rollup/rollup-linux-riscv64-musl': [ '4.60.2' ],
41 silly audit   '@rollup/rollup-linux-s390x-gnu': [ '4.60.2' ],
41 silly audit   '@rollup/rollup-linux-x64-gnu': [ '4.60.2' ],
41 silly audit   '@rollup/rollup-linux-x64-musl': [ '4.60.2' ],
41 silly audit   '@rollup/rollup-openbsd-x64': [ '4.60.2' ],
41 silly audit   '@rollup/rollup-openharmony-arm64': [ '4.60.2' ],
41 silly audit   '@rollup/rollup-win32-arm64-msvc': [ '4.60.2' ],
41 silly audit   '@rollup/rollup-win32-ia32-msvc': [ '4.60.2' ],
41 silly audit   '@rollup/rollup-win32-x64-gnu': [ '4.60.2' ],
41 silly audit   '@rollup/rollup-win32-x64-msvc': [ '4.60.2' ],
41 silly audit   '@shikijs/core': [ '4.0.2' ],
41 silly audit   '@shikijs/engine-javascript': [ '4.0.2' ],
41 silly audit   '@shikijs/engine-oniguruma': [ '4.0.2' ],
41 silly audit   '@shikijs/langs': [ '4.0.2' ],
41 silly audit   '@shikijs/primitive': [ '4.0.2' ],
41 silly audit   '@shikijs/themes': [ '4.0.2' ],
41 silly audit   '@shikijs/types': [ '4.0.2' ],
41 silly audit   '@shikijs/vscode-textmate': [ '10.0.2' ],
41 silly audit   '@socket.io/component-emitter': [ '3.1.2' ],
41 silly audit   '@standard-schema/spec': [ '1.1.0' ],
41 silly audit   '@standard-schema/utils': [ '0.3.0' ],
41 silly audit   '@stripe/react-stripe-js': [ '6.3.0' ],
41 silly audit   '@stripe/stripe-js': [ '9.4.0' ],
41 silly audit   '@tabby_ai/hijri-converter': [ '1.0.5' ],
41 silly audit   '@tanstack/query-core': [ '5.100.8' ],
41 silly audit   '@tanstack/react-query': [ '5.100.8' ],
41 silly audit   '@types/babel__core': [ '7.20.5' ],
41 silly audit   '@types/babel__generator': [ '7.27.0' ],
41 silly audit   '@types/babel__template': [ '7.4.4' ],
41 silly audit   '@types/babel__traverse': [ '7.28.0' ],
41 silly audit   '@types/d3-array': [ '3.2.2' ],
41 silly audit   '@types/d3-color': [ '3.1.3' ],
41 silly audit   '@types/d3-ease': [ '3.0.2' ],
41 silly audit   '@types/d3-interpolate': [ '3.0.4' ],
41 silly audit   '@types/d3-path': [ '3.1.1' ],
41 silly audit   '@types/d3-scale': [ '4.0.9' ],
41 silly audit   '@types/d3-shape': [ '3.1.8' ],
41 silly audit   '@types/d3-time': [ '3.0.4' ],
41 silly audit   '@types/d3-timer': [ '3.0.2' ],
41 silly audit   '@types/debug': [ '4.1.13' ],
41 silly audit   '@types/estree': [ '1.0.8' ],
41 silly audit   '@types/estree-jsx': [ '1.0.5' ],
41 silly audit   '@types/hast': [ '3.0.4' ],
41 silly audit   '@types/mdast': [ '4.0.4' ],
41 silly audit   '@types/ms': [ '2.1.0' ],
41 silly audit   '@types/nlcst': [ '2.0.3' ],
41 silly audit   '@types/pako': [ '2.0.4' ],
41 silly audit   '@types/quill': [ '1.3.10' ],
41 silly audit   '@types/raf': [ '3.4.3' ],
41 silly audit   '@types/trusted-types': [ '2.0.7' ],
41 silly audit   '@types/unist': [ '3.0.3', '2.0.11' ],
41 silly audit   '@types/use-sync-external-store': [ '0.0.6' ],
41 silly audit   '@ungap/structured-clone': [ '1.3.0' ],
41 silly audit   '@vitejs/plugin-react': [ '5.2.0' ],
41 silly audit   anymatch: [ '3.1.3' ],
41 silly audit   picomatch: [ '2.3.2', '4.0.4' ],
41 silly audit   argparse: [ '2.0.1' ],
41 silly audit   'aria-hidden': [ '1.2.6' ],
41 silly audit   'aria-query': [ '5.3.2' ],
41 silly audit   'array-iterate': [ '2.0.1' ],
41 silly audit   astro: [ '6.2.1' ],
41 silly audit   semver: [ '7.7.4', '6.3.1' ],
41 silly audit   asynckit: [ '0.4.0' ],
41 silly audit   axios: [ '1.16.0' ],
41 silly audit   'axobject-query': [ '4.1.0' ],
41 silly audit   bail: [ '2.0.2' ],
41 silly audit   'base64-arraybuffer': [ '1.0.2' ],
41 silly audit   'baseline-browser-mapping': [ '2.10.25' ],
41 silly audit   boolbase: [ '1.0.0' ],
41 silly audit   browserslist: [ '4.28.2' ],
41 silly audit   'call-bind': [ '1.0.9' ],
41 silly audit   'call-bind-apply-helpers': [ '1.0.2' ],
41 silly audit   'call-bound': [ '1.0.4' ],
41 silly audit   'caniuse-lite': [ '1.0.30001791' ],
41 silly audit   'canvas-confetti': [ '1.9.4' ],
41 silly audit   canvg: [ '3.0.11' ],
41 silly audit   ccount: [ '2.0.1' ],
41 silly audit   'character-entities': [ '2.0.2' ],
41 silly audit   'character-entities-html4': [ '2.1.0' ],
41 silly audit   'character-entities-legacy': [ '3.0.0' ],
41 silly audit   'character-reference-invalid': [ '2.0.1' ],
41 silly audit   chokidar: [ '5.0.0' ],
41 silly audit   'ci-info': [ '4.4.0' ],
41 silly audit   'class-variance-authority': [ '0.7.1' ],
41 silly audit   clone: [ '2.1.2' ],
41 silly audit   clsx: [ '2.1.1' ],
41 silly audit   cmdk: [ '1.1.1' ],
41 silly audit   'combined-stream': [ '1.0.8' ],
41 silly audit   'comma-separated-tokens': [ '2.0.3' ],
41 silly audit   commander: [ '11.1.0' ],
41 silly audit   'common-ancestor-path': [ '2.0.0' ],
41 silly audit   'convert-source-map': [ '2.0.0' ],
41 silly audit   cookie: [ '1.1.1' ],
41 silly audit   'cookie-es': [ '1.2.3' ],
41 silly audit   'core-js': [ '3.49.0' ],
41 silly audit   crossws: [ '0.3.5' ],
41 silly audit   'css-box-model': [ '1.2.1' ],
41 silly audit   'css-line-break': [ '2.1.0' ],
41 silly audit   'css-select': [ '5.2.2' ],
41 silly audit   'css-tree': [ '3.2.1', '2.2.1' ],
41 silly audit   'css-what': [ '6.2.2' ],
41 silly audit   csso: [ '5.0.5' ],
41 silly audit   'mdn-data': [ '2.0.28', '2.27.1' ],
41 silly audit   csstype: [ '3.2.3' ],
41 silly audit   'd3-array': [ '3.2.4' ],
41 silly audit   'd3-color': [ '3.1.0' ],
41 silly audit   'd3-ease': [ '3.0.1' ],
41 silly audit   'd3-format': [ '3.1.2' ],
41 silly audit   'd3-interpolate': [ '3.0.1' ],
41 silly audit   'd3-path': [ '3.1.0' ],
41 silly audit   'd3-scale': [ '4.0.2' ],
41 silly audit   'd3-shape': [ '3.2.0' ],
41 silly audit   'd3-time': [ '3.1.0' ],
41 silly audit   'd3-time-format': [ '4.1.0' ],
41 silly audit   'd3-timer': [ '3.0.1' ],
41 silly audit   'date-fns': [ '4.1.0' ],
41 silly audit   'date-fns-jalali': [ '4.1.0-0' ],
41 silly audit   debug: [ '4.4.3' ],
41 silly audit   'decimal.js-light': [ '2.5.1' ],
41 silly audit   'decode-named-character-reference': [ '1.3.0' ],
41 silly audit   'deep-equal': [ '1.1.2' ],
41 silly audit   'define-data-property': [ '1.1.4' ],
41 silly audit   'define-properties': [ '1.2.1' ],
41 silly audit   defu: [ '6.1.7' ],
41 silly audit   'delayed-stream': [ '1.0.0' ],
41 silly audit   dequal: [ '2.0.3' ],
41 silly audit   destr: [ '2.0.5' ],
41 silly audit   'detect-libc': [ '2.1.2' ],
41 silly audit   'detect-node-es': [ '1.1.0' ],
41 silly audit   devalue: [ '5.8.0' ],
41 silly audit   devlop: [ '1.1.0' ],
41 silly audit   diff: [ '8.0.4' ],
41 silly audit   dlv: [ '1.1.3' ],
41 silly audit   domelementtype: [ '2.3.0' ],
41 silly audit   domhandler: [ '5.0.3' ],
41 silly audit   dompurify: [ '3.4.2' ],
41 silly audit   domutils: [ '3.2.2' ],
41 silly audit   'dom-serializer': [ '2.0.0' ],
41 silly audit   entities: [ '4.5.0', '6.0.1' ],
41 silly audit   dset: [ '3.1.4' ],
41 silly audit   'dunder-proto': [ '1.0.1' ],
41 silly audit   'electron-to-chromium': [ '1.5.349' ],
41 silly audit   'embla-carousel': [ '8.6.0' ],
41 silly audit   'embla-carousel-react': [ '8.6.0' ],
41 silly audit   'embla-carousel-reactive-utils': [ '8.6.0' ],
41 silly audit   'engine.io-client': [ '6.6.4' ],
41 silly audit   'engine.io-parser': [ '5.2.3' ],
41 silly audit   'es-define-property': [ '1.0.1' ],
41 silly audit   'es-errors': [ '1.3.0' ],
41 silly audit   'es-module-lexer': [ '2.1.0' ],
41 silly audit   'es-object-atoms': [ '1.1.1' ],
41 silly audit   'es-set-tostringtag': [ '2.1.0' ],
41 silly audit   'es-toolkit': [ '1.46.1' ],
41 silly audit   esbuild: [ '0.27.7' ],
41 silly audit   escalade: [ '3.2.0' ],
41 silly audit   'escape-string-regexp': [ '5.0.0' ],
41 silly audit   'estree-util-is-identifier-name': [ '3.0.0' ],
41 silly audit   'estree-walker': [ '2.0.2' ],
41 silly audit   eventemitter3: [ '5.0.4', '2.0.3' ],
41 silly audit   extend: [ '3.0.2' ],
41 silly audit   'fast-diff': [ '1.1.2' ],
41 silly audit   'fast-png': [ '6.4.0' ],
41 silly audit   'fast-string-truncated-width': [ '3.0.3' ],
41 silly audit   'fast-string-width': [ '3.0.2' ],
41 silly audit   'fast-wrap-ansi': [ '0.2.0' ],
41 silly audit   fdir: [ '6.5.0' ],
41 silly audit   fflate: [ '0.8.2' ],
41 silly audit   flattie: [ '1.1.1' ],
41 silly audit   'follow-redirects': [ '1.16.0' ],
41 silly audit   fontace: [ '0.4.1' ],
41 silly audit   fontkitten: [ '1.0.3' ],
41 silly audit   'form-data': [ '4.0.5' ],
41 silly audit   'fraction.js': [ '5.3.4' ],
41 silly audit   'framer-motion': [ '12.38.0' ],
41 silly audit   fsevents: [ '2.3.3' ],
41 silly audit   'function-bind': [ '1.1.2' ],
41 silly audit   'functions-have-names': [ '1.2.3' ],
41 silly audit   gensync: [ '1.0.0-beta.2' ],
41 silly audit   'get-intrinsic': [ '1.3.0' ],
41 silly audit   'get-nonce': [ '1.0.1' ],
41 silly audit   'get-proto': [ '1.0.1' ],
41 silly audit   'github-slugger': [ '2.0.0' ],
41 silly audit   gopd: [ '1.2.0' ],
41 silly audit   h3: [ '1.15.11' ],
41 silly audit   'has-property-descriptors': [ '1.0.2' ],
41 silly audit   'has-symbols': [ '1.1.0' ],
41 silly audit   'has-tostringtag': [ '1.0.2' ],
41 silly audit   hasown: [ '2.0.3' ],
41 silly audit   'hast-util-from-html': [ '2.0.3' ],
41 silly audit   'hast-util-from-parse5': [ '8.0.3' ],
41 silly audit   'hast-util-is-element': [ '3.0.0' ],
41 silly audit   'hast-util-parse-selector': [ '4.0.0' ],
41 silly audit   'hast-util-raw': [ '9.1.0' ],
41 silly audit   'hast-util-to-html': [ '9.0.5' ],
41 silly audit   'hast-util-to-jsx-runtime': [ '2.3.6' ],
41 silly audit   'hast-util-to-parse5': [ '8.0.1' ],
41 silly audit   'hast-util-to-text': [ '4.0.2' ],
41 silly audit   'hast-util-whitespace': [ '3.0.0' ],
41 silly audit   hastscript: [ '9.0.1' ],
41 silly audit   'html-escaper': [ '3.0.3' ],
41 silly audit   'html-url-attributes': [ '3.0.1' ],
41 silly audit   'html-void-elements': [ '3.0.0' ],
41 silly audit   html2canvas: [ '1.4.1' ],
41 silly audit   'http-cache-semantics': [ '4.2.0' ],
41 silly audit   'inline-style-parser': [ '0.2.7' ],
41 silly audit   'input-otp': [ '1.4.2' ],
41 silly audit   internmap: [ '2.0.3' ],
41 silly audit   iobuffer: [ '5.4.0' ],
41 silly audit   'iron-webcrypto': [ '1.2.1' ],
41 silly audit   'is-alphabetical': [ '2.0.1' ],
41 silly audit   'is-alphanumerical': [ '2.0.1' ],
41 silly audit   'is-arguments': [ '1.2.0' ],
41 silly audit   'is-date-object': [ '1.1.0' ],
41 silly audit   'is-decimal': [ '2.0.1' ],
41 silly audit   'is-docker': [ '4.0.0', '3.0.0' ],
41 silly audit   'is-hexadecimal': [ '2.0.1' ],
41 silly audit   'is-inside-container': [ '1.0.0' ],
41 silly audit   'is-plain-obj': [ '4.1.0' ],
41 silly audit   'is-regex': [ '1.2.1' ],
41 silly audit   'is-wsl': [ '3.1.1' ],
41 silly audit   'js-tokens': [ '4.0.0' ],
41 silly audit   'js-yaml': [ '4.1.1' ],
41 silly audit   jsesc: [ '3.1.0' ],
41 silly audit   json5: [ '2.2.3' ],
41 silly audit   jspdf: [ '4.2.1' ],
41 silly audit   lilconfig: [ '3.1.3' ],
41 silly audit   lodash: [ '4.18.1' ],
41 silly audit   'longest-streak': [ '3.1.0' ],
41 silly audit   'loose-envify': [ '1.4.0' ],
41 silly audit   'lru-cache': [ '5.1.1', '11.3.5' ],
41 silly audit   'lucide-react': [ '1.14.0' ],
41 silly audit   'magic-string': [ '0.30.21' ],
41 silly audit   magicast: [ '0.5.2' ],
41 silly audit   'markdown-table': [ '3.0.4' ],
41 silly audit   'math-intrinsics': [ '1.1.0' ],
41 silly audit   'mdast-util-definitions': [ '6.0.0' ],
41 silly audit   'mdast-util-find-and-replace': [ '3.0.2' ],
41 silly audit   'mdast-util-from-markdown': [ '2.0.3' ],
41 silly audit   'mdast-util-gfm': [ '3.1.0' ],
41 silly audit   'mdast-util-gfm-autolink-literal': [ '2.0.1' ],
41 silly audit   'mdast-util-gfm-footnote': [ '2.1.0' ],
41 silly audit   'mdast-util-gfm-strikethrough': [ '2.0.0' ],
41 silly audit   'mdast-util-gfm-table': [ '2.0.0' ],
41 silly audit   'mdast-util-gfm-task-list-item': [ '2.0.0' ],
41 silly audit   'mdast-util-mdx-expression': [ '2.0.1' ],
41 silly audit   'mdast-util-mdx-jsx': [ '3.2.0' ],
41 silly audit   'mdast-util-mdxjs-esm': [ '2.0.1' ],
41 silly audit   'mdast-util-phrasing': [ '4.1.0' ],
41 silly audit   'mdast-util-to-hast': [ '13.2.1' ],
41 silly audit   'mdast-util-to-markdown': [ '2.1.2' ],
41 silly audit   'mdast-util-to-string': [ '4.0.0' ],
41 silly audit   micromark: [ '4.0.2' ],
41 silly audit   'micromark-core-commonmark': [ '2.0.3' ],
41 silly audit   'micromark-extension-gfm': [ '3.0.0' ],
41 silly audit   'micromark-extension-gfm-autolink-literal': [ '2.1.0' ],
41 silly audit   'micromark-extension-gfm-footnote': [ '2.1.0' ],
41 silly audit   'micromark-extension-gfm-strikethrough': [ '2.1.0' ],
41 silly audit   'micromark-extension-gfm-table': [ '2.1.1' ],
41 silly audit   'micromark-extension-gfm-tagfilter': [ '2.0.0' ],
41 silly audit   'micromark-extension-gfm-task-list-item': [ '2.1.0' ],
41 silly audit   'micromark-factory-destination': [ '2.0.1' ],
41 silly audit   'micromark-factory-label': [ '2.0.1' ],
41 silly audit   'micromark-factory-space': [ '2.0.1' ],
41 silly audit   'micromark-factory-title': [ '2.0.1' ],
41 silly audit   'micromark-factory-whitespace': [ '2.0.1' ],
41 silly audit   'micromark-util-character': [ '2.1.1' ],
41 silly audit   'micromark-util-chunked': [ '2.0.1' ],
41 silly audit   'micromark-util-classify-character': [ '2.0.1' ],
41 silly audit   'micromark-util-combine-extensions': [ '2.0.1' ],
41 silly audit   'micromark-util-decode-numeric-character-reference': [ '2.0.2' ],
41 silly audit   'micromark-util-decode-string': [ '2.0.1' ],
41 silly audit   'micromark-util-encode': [ '2.0.1' ],
41 silly audit   'micromark-util-html-tag-name': [ '2.0.1' ],
41 silly audit   'micromark-util-normalize-identifier': [ '2.0.1' ],
41 silly audit   'micromark-util-resolve-all': [ '2.0.1' ],
41 silly audit   'micromark-util-sanitize-uri': [ '2.0.1' ],
41 silly audit   'micromark-util-subtokenize': [ '2.1.0' ],
41 silly audit   'micromark-util-symbol': [ '2.0.1' ],
41 silly audit   'micromark-util-types': [ '2.0.2' ],
41 silly audit   'mime-db': [ '1.52.0' ],
41 silly audit   'mime-types': [ '2.1.35' ],
41 silly audit   moment: [ '2.30.1' ],
41 silly audit   'motion-dom': [ '12.38.0' ],
41 silly audit   'motion-utils': [ '12.36.0' ],
41 silly audit   mrmime: [ '2.0.1' ],
41 silly audit   ms: [ '2.1.3' ],
41 silly audit   nanoid: [ '3.3.12' ],
41 silly audit   neotraverse: [ '0.6.18' ],
41 silly audit   'next-themes': [ '0.4.6' ],
41 silly audit   'nlcst-to-string': [ '4.0.0' ],
41 silly audit   'node-fetch-native': [ '1.6.7' ],
41 silly audit   'node-mock-http': [ '1.0.4' ],
41 silly audit   'node-releases': [ '2.0.38' ],
41 silly audit   'normalize-path': [ '3.0.0' ],
41 silly audit   'nth-check': [ '2.1.1' ],
41 silly audit   'object-assign': [ '4.1.1' ],
41 silly audit   'object-is': [ '1.1.6' ],
41 silly audit   'object-keys': [ '1.1.1' ],
41 silly audit   obug: [ '2.1.1' ],
41 silly audit   ofetch: [ '1.5.1' ],
41 silly audit   ohash: [ '2.0.11' ],
41 silly audit   'oniguruma-parser': [ '0.12.2' ],
41 silly audit   'oniguruma-to-es': [ '4.3.6' ],
41 silly audit   'p-limit': [ '7.3.0' ],
41 silly audit   'p-queue': [ '9.2.0' ],
41 silly audit   'p-timeout': [ '7.0.1' ],
41 silly audit   'package-manager-detector': [ '1.6.0' ],
41 silly audit   pako: [ '2.1.0' ],
41 silly audit   parchment: [ '1.1.4' ],
41 silly audit   'parse-entities': [ '4.0.2' ],
41 silly audit   'parse-latin': [ '7.0.0' ],
41 silly audit   parse5: [ '7.3.0' ],
41 silly audit   'performance-now': [ '2.1.0' ],
41 silly audit   piccolore: [ '0.1.3' ],
41 silly audit   picocolors: [ '1.1.1' ],
41 silly audit   'postcss-load-config': [ '4.0.2' ],
41 silly audit   'postcss-value-parser': [ '4.2.0' ],
41 silly audit   prismjs: [ '1.30.0' ],
41 silly audit   'prop-types': [ '15.8.1' ],
41 silly audit   'property-information': [ '7.1.0' ],
41 silly audit   'proxy-from-env': [ '2.1.0' ],
41 silly audit   quill: [ '1.3.7' ],
41 silly audit   'quill-delta': [ '3.6.3' ],
41 silly audit   radix3: [ '1.1.2' ],
41 silly audit   raf: [ '3.4.1' ],
41 silly audit   'raf-schd': [ '4.0.3' ],
41 silly audit   react: [ '19.2.5' ],
41 silly audit   'react-day-picker': [ '9.14.0' ],
41 silly audit   'react-dom': [ '19.2.5' ],
41 silly audit   'react-hook-form': [ '7.75.0' ],
41 silly audit   'react-hot-toast': [ '2.6.0' ],
41 silly audit   goober: [ '2.1.18' ],
41 silly audit   'react-is': [ '16.13.1' ],
41 silly audit   'react-leaflet': [ '5.0.0' ],
41 silly audit   'react-markdown': [ '10.1.0' ],
41 silly audit   'react-quill': [ '2.0.0' ],
41 silly audit   'react-redux': [ '9.2.0' ],
41 silly audit   'react-refresh': [ '0.18.0' ],
41 silly audit   'react-remove-scroll': [ '2.7.2' ],
41 silly audit   'react-remove-scroll-bar': [ '2.3.8' ],
41 silly audit   'react-resizable-panels': [ '4.11.0' ],
41 silly audit   'react-router': [ '7.14.2' ],
41 silly audit   'react-router-dom': [ '7.14.2' ],
41 silly audit   'react-style-singleton': [ '2.2.3' ],
41 silly audit   readdirp: [ '5.0.0' ],
41 silly audit   recharts: [ '3.8.1' ],
41 silly audit   redux: [ '5.0.1' ],
41 silly audit   'redux-thunk': [ '3.1.0' ],
41 silly audit   'regenerator-runtime': [ '0.13.11' ],
41 silly audit   regex: [ '6.1.0' ],
41 silly audit   'regex-recursion': [ '6.0.2' ],
41 silly audit   'regex-utilities': [ '2.3.0' ],
41 silly audit   'regexp.prototype.flags': [ '1.5.4' ],
41 silly audit   rehype: [ '13.0.2' ],
41 silly audit   'rehype-parse': [ '9.0.1' ],
41 silly audit   'rehype-raw': [ '7.0.0' ],
41 silly audit   'rehype-stringify': [ '10.0.1' ],
41 silly audit   'remark-gfm': [ '4.0.1' ],
41 silly audit   'remark-parse': [ '11.0.0' ],
41 silly audit   'remark-rehype': [ '11.1.2' ],
41 silly audit   'remark-smartypants': [ '3.0.2' ],
41 silly audit   'remark-stringify': [ '11.0.0' ],
41 silly audit   reselect: [ '5.1.1' ],
41 silly audit   retext: [ '9.0.0' ],
41 silly audit   'retext-latin': [ '4.0.0' ],
41 silly audit   'retext-smartypants': [ '6.2.0' ],
41 silly audit   'retext-stringify': [ '4.0.0' ],
41 silly audit   rgbcolor: [ '1.0.1' ],
41 silly audit   rollup: [ '4.60.2' ],
41 silly audit   sax: [ '1.6.0' ],
41 silly audit   scheduler: [ '0.27.0' ],
41 silly audit   'set-cookie-parser': [ '2.7.2' ],
41 silly audit   'set-function-length': [ '1.2.2' ],
41 silly audit   'set-function-name': [ '2.0.2' ],
41 silly audit   sharp: [ '0.34.5' ],
41 silly audit   shiki: [ '4.0.2' ],
41 silly audit   sisteransi: [ '1.0.5' ],
41 silly audit   'smol-toml': [ '1.6.1' ],
41 silly audit   'socket.io-client': [ '4.8.3' ],
41 silly audit   'socket.io-parser': [ '4.2.6' ],
41 silly audit   sonner: [ '2.0.7' ],
41 silly audit   'source-map-js': [ '1.2.1' ],
41 silly audit   'space-separated-tokens': [ '2.0.2' ],
41 silly audit   'stackblur-canvas': [ '2.7.0' ],
41 silly audit   'stringify-entities': [ '4.0.4' ],
41 silly audit   'style-to-js': [ '1.1.21' ],
41 silly audit   'style-to-object': [ '1.0.14' ],
41 silly audit   'svg-pathdata': [ '6.0.3' ],
41 silly audit   svgo: [ '4.0.1' ],
41 silly audit   'tailwind-merge': [ '3.5.0' ],
41 silly audit   'tailwindcss-animate': [ '1.0.7' ],
41 silly audit   'text-segmentation': [ '1.0.3' ],
41 silly audit   three: [ '0.184.0' ],
41 silly audit   'tiny-inflate': [ '1.0.3' ],
41 silly audit   'tiny-invariant': [ '1.3.3' ],
41 silly audit   tinyclip: [ '0.1.12' ],
41 silly audit   tinyexec: [ '1.1.2' ],
41 silly audit   tinyglobby: [ '0.2.16' ],
41 silly audit   'trim-lines': [ '3.0.1' ],
41 silly audit   trough: [ '2.2.0' ],
41 silly audit   tsconfck: [ '3.1.6' ],
41 silly audit   tslib: [ '2.8.1' ],
41 silly audit   ufo: [ '1.6.4' ],
41 silly audit   ultrahtml: [ '1.6.0' ],
41 silly audit   uncrypto: [ '0.1.3' ],
41 silly audit   unified: [ '11.0.5' ],
41 silly audit   unifont: [ '0.7.4' ],
41 silly audit   'unist-util-find-after': [ '5.0.0' ],
41 silly audit   'unist-util-is': [ '6.0.1' ],
41 silly audit   'unist-util-modify-children': [ '4.0.0' ],
41 silly audit   'unist-util-position': [ '5.0.0' ],
41 silly audit   'unist-util-remove-position': [ '5.0.0' ],
41 silly audit   'unist-util-stringify-position': [ '4.0.0' ],
41 silly audit   'unist-util-visit': [ '5.1.0' ],
41 silly audit   'unist-util-visit-children': [ '3.0.0' ],
41 silly audit   'unist-util-visit-parents': [ '6.0.2' ],
41 silly audit   unstorage: [ '1.17.5' ],
41 silly audit   'update-browserslist-db': [ '1.2.3' ],
41 silly audit   'use-callback-ref': [ '1.3.3' ],
41 silly audit   'use-sidecar': [ '1.1.3' ],
41 silly audit   'use-sync-external-store': [ '1.6.0' ],
41 silly audit   utrie: [ '1.0.2' ],
41 silly audit   uuid: [ '13.0.1' ],
41 silly audit   vaul: [ '1.1.2' ],
41 silly audit   vfile: [ '6.0.3' ],
41 silly audit   'vfile-location': [ '5.0.3' ],
41 silly audit   'vfile-message': [ '4.0.3' ],
41 silly audit   'victory-vendor': [ '37.3.6' ],
41 silly audit   vite: [ '7.3.2' ],
41 silly audit   vitefu: [ '1.1.3' ],
41 silly audit   'web-namespaces': [ '2.0.1' ],
41 silly audit   'which-pm-runs': [ '1.1.0' ],
41 silly audit   ws: [ '8.18.3' ],
41 silly audit   'xmlhttprequest-ssl': [ '2.1.2' ],
41 silly audit   'xxhash-wasm': [ '1.1.0' ],
41 silly audit   yallist: [ '3.1.1' ],
41 silly audit   yaml: [ '2.8.4' ],
41 silly audit   'yargs-parser': [ '22.0.0' ],
41 silly audit   'yocto-queue': [ '1.2.2' ],
41 silly audit   zod: [ '4.4.2' ],
41 silly audit   zwitch: [ '2.0.4' ],
41 silly audit   '@types/react': [ '19.2.14' ],
41 silly audit   '@types/react-dom': [ '19.2.3' ],
41 silly audit   autoprefixer: [ '10.5.0' ],
41 silly audit   postcss: [ '8.5.13' ],
41 silly audit   tailwindcss: [ '4.2.4' ]
41 silly audit }
42 http cache tailwindcss@https://registry.npmjs.org/tailwindcss/-/tailwindcss-4.2.4.tgz 1ms (cache hit)
43 http cache @types/react@https://registry.npmjs.org/@types/react/-/react-19.2.14.tgz 0ms (cache hit)
44 http cache @types/react-dom@https://registry.npmjs.org/@types/react-dom/-/react-dom-19.2.3.tgz 0ms (cache hit)
45 silly tarball no local data for tailwindcss@https://registry.npmjs.org/tailwindcss/-/tailwindcss-4.2.4.tgz. Extracting by manifest.
46 http cache fsevents@https://registry.npmjs.org/fsevents/-/fsevents-2.3.3.tgz 0ms (cache hit)
47 silly tarball no local data for @types/react@https://registry.npmjs.org/@types/react/-/react-19.2.14.tgz. Extracting by manifest.
48 silly tarball no local data for @types/react-dom@https://registry.npmjs.org/@types/react-dom/-/react-dom-19.2.3.tgz. Extracting by manifest.
49 http fetch GET 200 https://registry.npmjs.org/@types/react-dom/-/react-dom-19.2.3.tgz 104ms (cache miss)
50 http fetch GET 200 https://registry.npmjs.org/tailwindcss/-/tailwindcss-4.2.4.tgz 154ms (cache miss)
51 http fetch POST 200 https://registry.npmjs.org/-/npm/v1/security/advisories/bulk 255ms
52 silly audit report {
52 silly audit report   quill: [
52 silly audit report     {
52 silly audit report       id: 1098574,
52 silly audit report       url: 'https://github.com/advisories/GHSA-4943-9vgg-gr5r',
52 silly audit report       title: 'Cross-site Scripting in quill',
52 silly audit report       severity: 'moderate',
52 silly audit report       vulnerable_versions: '<=1.3.7',
52 silly audit report       cwe: [Array],
52 silly audit report       cvss: [Object]
52 silly audit report     }
52 silly audit report   ],
52 silly audit report   uuid: [
52 silly audit report     {
52 silly audit report       id: 1116970,
52 silly audit report       url: 'https://github.com/advisories/GHSA-w5hq-g745-h8pq',
52 silly audit report       title: 'uuid: Missing buffer bounds check in v3/v5/v6 when buf is provided',
52 silly audit report       severity: 'moderate',
52 silly audit report       vulnerable_versions: '<14.0.0',
52 silly audit report       cwe: [Array],
52 silly audit report       cvss: [Object]
52 silly audit report     }
52 silly audit report   ]
52 silly audit report }
53 silly packumentCache corgi:https://registry.npmjs.org/quill cache-miss
54 silly packumentCache corgi:https://registry.npmjs.org/uuid cache-miss
55 http cache https://registry.npmjs.org/uuid 13ms (cache hit)
56 silly packumentCache corgi:https://registry.npmjs.org/uuid set size:80515 disposed:false
57 http cache https://registry.npmjs.org/quill 18ms (cache hit)
58 silly packumentCache corgi:https://registry.npmjs.org/quill set size:153675 disposed:false
59 silly packumentCache corgi:https://registry.npmjs.org/react-quill cache-miss
60 http cache https://registry.npmjs.org/react-quill 8ms (cache hit)
61 silly packumentCache corgi:https://registry.npmjs.org/react-quill set size:63338 disposed:false
62 silly packumentCache corgi:https://registry.npmjs.org/@base44%2fsdk cache-miss
63 http cache https://registry.npmjs.org/@base44%2fsdk 7ms (cache hit)
64 silly packumentCache corgi:https://registry.npmjs.org/@base44%2fsdk set size:44884 disposed:false
65 http fetch GET 200 https://registry.npmjs.org/@types/react/-/react-19.2.14.tgz 333ms (cache miss)
66 silly ADD node_modules/tailwindcss
67 silly ADD node_modules/@types/react-dom
68 silly ADD node_modules/@types/react
69 silly ADD node_modules/fsevents
70 verbose cwd /Users/anatoly/Sites/bitcode/villa-ramann2
71 verbose os Darwin 25.2.0
72 verbose node v25.2.1
73 verbose npm  v11.6.2
74 verbose exit 0
75 info ok
